Archive member included to satisfy reference by file (symbol)

/opt/gcc_arm/gcc-arm-none-eabi-9-2019-q4-major/bin/../lib/gcc/arm-none-eabi/9.2.1/../../../../arm-none-eabi/lib/thumb/v7e-m+fp/hard/libc_nano.a(lib_a-exit.o)
                              /opt/gcc_arm/gcc-arm-none-eabi-9-2019-q4-major/bin/../lib/gcc/arm-none-eabi/9.2.1/../../../../arm-none-eabi/lib/thumb/v7e-m+fp/hard/crt0.o (exit)
/opt/gcc_arm/gcc-arm-none-eabi-9-2019-q4-major/bin/../lib/gcc/arm-none-eabi/9.2.1/../../../../arm-none-eabi/lib/thumb/v7e-m+fp/hard/libc_nano.a(lib_a-impure.o)
                              /opt/gcc_arm/gcc-arm-none-eabi-9-2019-q4-major/bin/../lib/gcc/arm-none-eabi/9.2.1/../../../../arm-none-eabi/lib/thumb/v7e-m+fp/hard/libc_nano.a(lib_a-exit.o) (_global_impure_ptr)
/opt/gcc_arm/gcc-arm-none-eabi-9-2019-q4-major/bin/../lib/gcc/arm-none-eabi/9.2.1/../../../../arm-none-eabi/lib/thumb/v7e-m+fp/hard/libc_nano.a(lib_a-init.o)
                              /opt/gcc_arm/gcc-arm-none-eabi-9-2019-q4-major/bin/../lib/gcc/arm-none-eabi/9.2.1/../../../../arm-none-eabi/lib/thumb/v7e-m+fp/hard/crt0.o (__libc_init_array)
/opt/gcc_arm/gcc-arm-none-eabi-9-2019-q4-major/bin/../lib/gcc/arm-none-eabi/9.2.1/../../../../arm-none-eabi/lib/thumb/v7e-m+fp/hard/libc_nano.a(lib_a-memset.o)
                              /opt/gcc_arm/gcc-arm-none-eabi-9-2019-q4-major/bin/../lib/gcc/arm-none-eabi/9.2.1/../../../../arm-none-eabi/lib/thumb/v7e-m+fp/hard/crt0.o (memset)
/opt/gcc_arm/gcc-arm-none-eabi-9-2019-q4-major/bin/../lib/gcc/arm-none-eabi/9.2.1/../../../../arm-none-eabi/lib/thumb/v7e-m+fp/hard/libc_nano.a(lib_a-snprintf.o)
                              build/main.o (snprintf)
/opt/gcc_arm/gcc-arm-none-eabi-9-2019-q4-major/bin/../lib/gcc/arm-none-eabi/9.2.1/../../../../arm-none-eabi/lib/thumb/v7e-m+fp/hard/libc_nano.a(lib_a-strlen.o)
                              build/main.o (strlen)
/opt/gcc_arm/gcc-arm-none-eabi-9-2019-q4-major/bin/../lib/gcc/arm-none-eabi/9.2.1/../../../../arm-none-eabi/lib/thumb/v7e-m+fp/hard/libc_nano.a(lib_a-nano-svfprintf.o)
                              /opt/gcc_arm/gcc-arm-none-eabi-9-2019-q4-major/bin/../lib/gcc/arm-none-eabi/9.2.1/../../../../arm-none-eabi/lib/thumb/v7e-m+fp/hard/libc_nano.a(lib_a-snprintf.o) (_svfprintf_r)
/opt/gcc_arm/gcc-arm-none-eabi-9-2019-q4-major/bin/../lib/gcc/arm-none-eabi/9.2.1/../../../../arm-none-eabi/lib/thumb/v7e-m+fp/hard/libc_nano.a(lib_a-nano-vfprintf_i.o)
                              /opt/gcc_arm/gcc-arm-none-eabi-9-2019-q4-major/bin/../lib/gcc/arm-none-eabi/9.2.1/../../../../arm-none-eabi/lib/thumb/v7e-m+fp/hard/libc_nano.a(lib_a-nano-svfprintf.o) (_printf_i)
/opt/gcc_arm/gcc-arm-none-eabi-9-2019-q4-major/bin/../lib/gcc/arm-none-eabi/9.2.1/../../../../arm-none-eabi/lib/thumb/v7e-m+fp/hard/libc_nano.a(lib_a-memchr.o)
                              /opt/gcc_arm/gcc-arm-none-eabi-9-2019-q4-major/bin/../lib/gcc/arm-none-eabi/9.2.1/../../../../arm-none-eabi/lib/thumb/v7e-m+fp/hard/libc_nano.a(lib_a-nano-svfprintf.o) (memchr)
/opt/gcc_arm/gcc-arm-none-eabi-9-2019-q4-major/bin/../lib/gcc/arm-none-eabi/9.2.1/../../../../arm-none-eabi/lib/thumb/v7e-m+fp/hard/libc_nano.a(lib_a-memcpy-stub.o)
                              /opt/gcc_arm/gcc-arm-none-eabi-9-2019-q4-major/bin/../lib/gcc/arm-none-eabi/9.2.1/../../../../arm-none-eabi/lib/thumb/v7e-m+fp/hard/libc_nano.a(lib_a-nano-svfprintf.o) (memcpy)
/opt/gcc_arm/gcc-arm-none-eabi-9-2019-q4-major/bin/../lib/gcc/arm-none-eabi/9.2.1/../../../../arm-none-eabi/lib/thumb/v7e-m+fp/hard/libc_nano.a(lib_a-memmove.o)
                              /opt/gcc_arm/gcc-arm-none-eabi-9-2019-q4-major/bin/../lib/gcc/arm-none-eabi/9.2.1/../../../../arm-none-eabi/lib/thumb/v7e-m+fp/hard/libc_nano.a(lib_a-nano-svfprintf.o) (memmove)
/opt/gcc_arm/gcc-arm-none-eabi-9-2019-q4-major/bin/../lib/gcc/arm-none-eabi/9.2.1/../../../../arm-none-eabi/lib/thumb/v7e-m+fp/hard/libc_nano.a(lib_a-nano-freer.o)
                              /opt/gcc_arm/gcc-arm-none-eabi-9-2019-q4-major/bin/../lib/gcc/arm-none-eabi/9.2.1/../../../../arm-none-eabi/lib/thumb/v7e-m+fp/hard/libc_nano.a(lib_a-nano-svfprintf.o) (_free_r)
/opt/gcc_arm/gcc-arm-none-eabi-9-2019-q4-major/bin/../lib/gcc/arm-none-eabi/9.2.1/../../../../arm-none-eabi/lib/thumb/v7e-m+fp/hard/libc_nano.a(lib_a-nano-mallocr.o)
                              /opt/gcc_arm/gcc-arm-none-eabi-9-2019-q4-major/bin/../lib/gcc/arm-none-eabi/9.2.1/../../../../arm-none-eabi/lib/thumb/v7e-m+fp/hard/libc_nano.a(lib_a-nano-svfprintf.o) (_malloc_r)
/opt/gcc_arm/gcc-arm-none-eabi-9-2019-q4-major/bin/../lib/gcc/arm-none-eabi/9.2.1/../../../../arm-none-eabi/lib/thumb/v7e-m+fp/hard/libc_nano.a(lib_a-nano-reallocr.o)
                              /opt/gcc_arm/gcc-arm-none-eabi-9-2019-q4-major/bin/../lib/gcc/arm-none-eabi/9.2.1/../../../../arm-none-eabi/lib/thumb/v7e-m+fp/hard/libc_nano.a(lib_a-nano-svfprintf.o) (_realloc_r)
[...]
Memory Configuration

Name             Origin             Length             Attributes
CCMRAM           0x0000000010000000 0x0000000000010000 xrw
RAM              0x0000000020000000 0x0000000000020000 xrw
ROM              0x0000000008000000 0x0000000000100000 xr
*default*        0x0000000000000000 0xffffffffffffffff

Linker script and memory map

LOAD /opt/gcc_arm/gcc-arm-none-eabi-9-2019-q4-major/bin/../lib/gcc/arm-none-eabi/9.2.1/thumb/v7e-m+fp/hard/crti.o
LOAD /opt/gcc_arm/gcc-arm-none-eabi-9-2019-q4-major/bin/../lib/gcc/arm-none-eabi/9.2.1/thumb/v7e-m+fp/hard/crtbegin.o
LOAD /opt/gcc_arm/gcc-arm-none-eabi-9-2019-q4-major/bin/../lib/gcc/arm-none-eabi/9.2.1/../../../../arm-none-eabi/lib/thumb/v7e-m+fp/hard/crt0.o
LOAD build/main.o
LOAD build/yaskawa.o
LOAD build/stm32f4xx_hal.o
LOAD build/stm32f4xx_hal_adc.o
LOAD build/stm32f4xx_hal_adc_ex.o
LOAD build/stm32f4xx_hal_can.o
LOAD build/stm32f4xx_hal_cec.o
LOAD build/stm32f4xx_hal_cortex.o
LOAD build/stm32f4xx_hal_crc.o
LOAD build/stm32f4xx_hal_cryp.o
LOAD build/stm32f4xx_hal_cryp_ex.o
LOAD build/stm32f4xx_hal_dac.o
LOAD build/stm32f4xx_hal_dac_ex.o
LOAD build/stm32f4xx_hal_dcmi.o
LOAD build/stm32f4xx_hal_dcmi_ex.o
LOAD build/stm32f4xx_hal_dfsdm.o
LOAD build/stm32f4xx_hal_dma.o
LOAD build/stm32f4xx_hal_dma2d.o
LOAD build/stm32f4xx_hal_dma_ex.o
LOAD build/stm32f4xx_hal_dsi.o
LOAD build/stm32f4xx_hal_eth.o
LOAD build/stm32f4xx_hal_exti.o
LOAD build/stm32f4xx_hal_flash.o
LOAD build/stm32f4xx_hal_flash_ex.o
LOAD build/stm32f4xx_hal_flash_ramfunc.o
LOAD build/stm32f4xx_hal_fmpi2c.o
LOAD build/stm32f4xx_hal_fmpi2c_ex.o
LOAD build/stm32f4xx_hal_fmpsmbus.o
LOAD build/stm32f4xx_hal_fmpsmbus_ex.o
LOAD build/stm32f4xx_hal_gpio.o
LOAD build/stm32f4xx_hal_hash.o
LOAD build/stm32f4xx_hal_hash_ex.o
LOAD build/stm32f4xx_hal_hcd.o
LOAD build/stm32f4xx_hal_i2c.o
LOAD build/stm32f4xx_hal_i2c_ex.o
LOAD build/stm32f4xx_hal_i2s.o
LOAD build/stm32f4xx_hal_i2s_ex.o
LOAD build/stm32f4xx_hal_irda.o
LOAD build/stm32f4xx_hal_iwdg.o
LOAD build/stm32f4xx_hal_lptim.o
LOAD build/stm32f4xx_hal_ltdc.o
LOAD build/stm32f4xx_hal_ltdc_ex.o
LOAD build/stm32f4xx_hal_mmc.o
LOAD build/stm32f4xx_hal_msp_template.o
LOAD build/stm32f4xx_hal_nand.o
LOAD build/stm32f4xx_hal_nor.o
LOAD build/stm32f4xx_hal_pccard.o
LOAD build/stm32f4xx_hal_pcd.o
LOAD build/stm32f4xx_hal_pcd_ex.o
LOAD build/stm32f4xx_hal_pwr.o
LOAD build/stm32f4xx_hal_pwr_ex.o
LOAD build/stm32f4xx_hal_qspi.o
LOAD build/stm32f4xx_hal_rcc.o
LOAD build/stm32f4xx_hal_rcc_ex.o
LOAD build/stm32f4xx_hal_rng.o
LOAD build/stm32f4xx_hal_rtc.o
LOAD build/stm32f4xx_hal_rtc_ex.o
LOAD build/stm32f4xx_hal_sai.o
LOAD build/stm32f4xx_hal_sai_ex.o
LOAD build/stm32f4xx_hal_sd.o
LOAD build/stm32f4xx_hal_sdram.o
LOAD build/stm32f4xx_hal_smartcard.o
LOAD build/stm32f4xx_hal_smbus.o
LOAD build/stm32f4xx_hal_spdifrx.o
LOAD build/stm32f4xx_hal_spi.o
LOAD build/stm32f4xx_hal_sram.o
LOAD build/stm32f4xx_hal_tim.o
LOAD build/stm32f4xx_hal_tim_ex.o
LOAD build/stm32f4xx_hal_uart.o
LOAD build/stm32f4xx_hal_usart.o
LOAD build/stm32f4xx_hal_wwdg.o
LOAD build/stm32f4xx_ll_adc.o
LOAD build/stm32f4xx_ll_crc.o
LOAD build/stm32f4xx_ll_dac.o
LOAD build/stm32f4xx_ll_dma.o
LOAD build/stm32f4xx_ll_dma2d.o
LOAD build/stm32f4xx_ll_exti.o
LOAD build/stm32f4xx_ll_fmc.o
LOAD build/stm32f4xx_ll_fmpi2c.o
LOAD build/stm32f4xx_ll_fsmc.o
LOAD build/stm32f4xx_ll_gpio.o
LOAD build/stm32f4xx_ll_i2c.o
LOAD build/stm32f4xx_ll_lptim.o
LOAD build/stm32f4xx_ll_pwr.o
LOAD build/stm32f4xx_ll_rcc.o
LOAD build/stm32f4xx_ll_rng.o
LOAD build/stm32f4xx_ll_rtc.o
LOAD build/stm32f4xx_ll_sdmmc.o
LOAD build/stm32f4xx_ll_spi.o
LOAD build/stm32f4xx_ll_tim.o
LOAD build/stm32f4xx_ll_usart.o
LOAD build/stm32f4xx_ll_usb.o
LOAD build/stm32f4xx_ll_utils.o
LOAD build/system_stm32f4xx.o
LOAD build/startup_stm32f407xx.o
LOAD /opt/gcc_arm/gcc-arm-none-eabi-9-2019-q4-major/bin/../lib/gcc/arm-none-eabi/9.2.1/../../../../arm-none-eabi/lib/thumb/v7e-m+fp/hard/libc_nano.a
LOAD /opt/gcc_arm/gcc-arm-none-eabi-9-2019-q4-major/bin/../lib/gcc/arm-none-eabi/9.2.1/../../../../arm-none-eabi/lib/thumb/v7e-m+fp/hard/libm.a
LOAD /opt/gcc_arm/gcc-arm-none-eabi-9-2019-q4-major/bin/../lib/gcc/arm-none-eabi/9.2.1/../../../../arm-none-eabi/lib/thumb/v7e-m+fp/hard/libnosys.a
START GROUP
LOAD /opt/gcc_arm/gcc-arm-none-eabi-9-2019-q4-major/bin/../lib/gcc/arm-none-eabi/9.2.1/thumb/v7e-m+fp/hard/libgcc.a
LOAD /opt/gcc_arm/gcc-arm-none-eabi-9-2019-q4-major/bin/../lib/gcc/arm-none-eabi/9.2.1/../../../../arm-none-eabi/lib/thumb/v7e-m+fp/hard/libc_nano.a
END GROUP
START GROUP
LOAD /opt/gcc_arm/gcc-arm-none-eabi-9-2019-q4-major/bin/../lib/gcc/arm-none-eabi/9.2.1/thumb/v7e-m+fp/hard/libgcc.a
LOAD /opt/gcc_arm/gcc-arm-none-eabi-9-2019-q4-major/bin/../lib/gcc/arm-none-eabi/9.2.1/../../../../arm-none-eabi/lib/thumb/v7e-m+fp/hard/libc_nano.a
END GROUP
LOAD /opt/gcc_arm/gcc-arm-none-eabi-9-2019-q4-major/bin/../lib/gcc/arm-none-eabi/9.2.1/thumb/v7e-m+fp/hard/crtend.o
LOAD /opt/gcc_arm/gcc-arm-none-eabi-9-2019-q4-major/bin/../lib/gcc/arm-none-eabi/9.2.1/thumb/v7e-m+fp/hard/crtn.o
                0x0000000020020000                _estack = (ORIGIN (RAM) + LENGTH (RAM))
                0x0000000000000200                _Min_Heap_Size = 0x200
                0x0000000000000400                _Min_Stack_Size = 0x400

.isr_vector     0x0000000008000000      0x188
                0x0000000008000000                . = ALIGN (0x4)
 *(.isr_vector)
 .isr_vector    0x0000000008000000      0x188 build/startup_stm32f407xx.o
                0x0000000008000000                g_pfnVectors
                0x0000000008000188                . = ALIGN (0x4)

.text           0x0000000008000190     0x234c
                0x0000000008000190                . = ALIGN (0x4)
 *(.text)
 .text          0x0000000008000190       0x40 /opt/gcc_arm/gcc-arm-none-eabi-9-2019-q4-major/bin/../lib/gcc/arm-none-eabi/9.2.1/thumb/v7e-m+fp/hard/crtbegin.o
 .text          0x00000000080001d0       0x10 /opt/gcc_arm/gcc-arm-none-eabi-9-2019-q4-major/bin/../lib/gcc/arm-none-eabi/9.2.1/../../../../arm-none-eabi/lib/thumb/v7e-m+fp/hard/libc_nano.a(lib_a-strlen.o)
                0x00000000080001d0                strlen
 .text          0x00000000080001e0       0xa0 /opt/gcc_arm/gcc-arm-none-eabi-9-2019-q4-major/bin/../lib/gcc/arm-none-eabi/9.2.1/../../../../arm-none-eabi/lib/thumb/v7e-m+fp/hard/libc_nano.a(lib_a-memchr.o)
                0x00000000080001e0                memchr
 .text          0x0000000008000280       0x30 /opt/gcc_arm/gcc-arm-none-eabi-9-2019-q4-major/bin/../lib/gcc/arm-none-eabi/9.2.1/thumb/v7e-m+fp/hard/libgcc.a(_aeabi_uldivmod.o)
                0x0000000008000280                __aeabi_uldivmod
 .text          0x00000000080002b0      0x2c4 /opt/gcc_arm/gcc-arm-none-eabi-9-2019-q4-major/bin/../lib/gcc/arm-none-eabi/9.2.1/thumb/v7e-m+fp/hard/libgcc.a(_udivmoddi4.o)
                0x00000000080002b0                __udivmoddi4
 .text          0x0000000008000574        0x4 /opt/gcc_arm/gcc-arm-none-eabi-9-2019-q4-major/bin/../lib/gcc/arm-none-eabi/9.2.1/thumb/v7e-m+fp/hard/libgcc.a(_dvmd_tls.o)
                0x0000000008000574                __aeabi_ldiv0
                0x0000000008000574                __aeabi_idiv0
 *(.text*)
 .text.uart_init
                0x0000000008000578       0x38 build/main.o
                0x0000000008000578                uart_init
 .text.HAL_UART_MspInit
                0x00000000080005b0       0x84 build/main.o
                0x00000000080005b0                HAL_UART_MspInit
 .text.HAL_UART_RxCpltCallback
                0x0000000008000634       0x78 build/main.o
                0x0000000008000634                HAL_UART_RxCpltCallback
 .text.USART1_IRQHandler
                0x00000000080006ac       0x2c build/main.o
                0x00000000080006ac                USART1_IRQHandler
 .text.delay_init
                0x00000000080006d8        0xa build/main.o
                0x00000000080006d8                delay_init
 *fill*         0x00000000080006e2        0x2 
 .text.MX_GPIO_Init
                0x00000000080006e4       0xd8 build/main.o
                0x00000000080006e4                MX_GPIO_Init
 .text.Error_Handler
                0x00000000080007bc        0x4 build/main.o
                0x00000000080007bc                Error_Handler
 .text.SystemClock_Config
                0x00000000080007c0       0xac build/main.o
                0x00000000080007c0                SystemClock_Config
 .text.main     0x000000000800086c       0xb0 build/main.o
                0x000000000800086c                main
 .text.HAL_InitTick
                0x000000000800091c       0x4c build/stm32f4xx_hal.o
                0x000000000800091c                HAL_InitTick
 .text.HAL_Init
                0x0000000008000968       0x34 build/stm32f4xx_hal.o
                0x0000000008000968                HAL_Init
 .text.HAL_GetTick
                0x000000000800099c        0xc build/stm32f4xx_hal.o
                0x000000000800099c                HAL_GetTick
 .text.HAL_Delay
                0x00000000080009a8       0x28 build/stm32f4xx_hal.o
                0x00000000080009a8                HAL_Delay
 .text.HAL_NVIC_SetPriorityGrouping
                0x00000000080009d0       0x24 build/stm32f4xx_hal_cortex.o
                0x00000000080009d0                HAL_NVIC_SetPriorityGrouping
 .text.HAL_NVIC_SetPriority
                0x00000000080009f4       0x68 build/stm32f4xx_hal_cortex.o
                0x00000000080009f4                HAL_NVIC_SetPriority
 .text.HAL_NVIC_EnableIRQ
                0x0000000008000a5c       0x1c build/stm32f4xx_hal_cortex.o
                0x0000000008000a5c                HAL_NVIC_EnableIRQ
 .text.HAL_SYSTICK_Config
                0x0000000008000a78       0x2c build/stm32f4xx_hal_cortex.o
                0x0000000008000a78                HAL_SYSTICK_Config
 .text.HAL_SYSTICK_CLKSourceConfig
                0x0000000008000aa4       0x20 build/stm32f4xx_hal_cortex.o
                0x0000000008000aa4                HAL_SYSTICK_CLKSourceConfig
 .text.HAL_DMA_Abort
                0x0000000008000ac4       0x94 build/stm32f4xx_hal_dma.o
                0x0000000008000ac4                HAL_DMA_Abort
 .text.HAL_DMA_Abort_IT
                0x0000000008000b58       0x26 build/stm32f4xx_hal_dma.o
                0x0000000008000b58                HAL_DMA_Abort_IT
 *fill*         0x0000000008000b7e        0x2 
 .text.HAL_GPIO_Init
                0x0000000008000b80      0x1d4 build/stm32f4xx_hal_gpio.o
                0x0000000008000b80                HAL_GPIO_Init
 .text.HAL_GPIO_WritePin
                0x0000000008000d54        0xc build/stm32f4xx_hal_gpio.o
                0x0000000008000d54                HAL_GPIO_WritePin
 .text.HAL_GPIO_TogglePin
                0x0000000008000d60       0x12 build/stm32f4xx_hal_gpio.o
                0x0000000008000d60                HAL_GPIO_TogglePin
 .text.HAL_MspInit
                0x0000000008000d72        0x2 build/stm32f4xx_hal_msp_template.o
                0x0000000008000d72                HAL_MspInit
 .text.HAL_RCC_OscConfig
                0x0000000008000d74      0x3f8 build/stm32f4xx_hal_rcc.o
                0x0000000008000d74                HAL_RCC_OscConfig
 .text.HAL_RCC_GetSysClockFreq
                0x000000000800116c       0xa0 build/stm32f4xx_hal_rcc.o
                0x000000000800116c                HAL_RCC_GetSysClockFreq
 .text.HAL_RCC_ClockConfig
                0x000000000800120c      0x160 build/stm32f4xx_hal_rcc.o
                0x000000000800120c                HAL_RCC_ClockConfig
 .text.HAL_RCC_GetHCLKFreq
                0x000000000800136c        0xc build/stm32f4xx_hal_rcc.o
                0x000000000800136c                HAL_RCC_GetHCLKFreq
 .text.HAL_RCC_GetPCLK1Freq
                0x0000000008001378       0x20 build/stm32f4xx_hal_rcc.o
                0x0000000008001378                HAL_RCC_GetPCLK1Freq
 .text.HAL_RCC_GetPCLK2Freq
                0x0000000008001398       0x20 build/stm32f4xx_hal_rcc.o
                0x0000000008001398                HAL_RCC_GetPCLK2Freq
 .text.UART_EndRxTransfer
                0x00000000080013b8       0x5c build/stm32f4xx_hal_uart.o
 .text.UART_Transmit_IT
                0x0000000008001414       0x60 build/stm32f4xx_hal_uart.o
 .text.UART_SetConfig
                0x0000000008001474      0x11c build/stm32f4xx_hal_uart.o
 .text.UART_WaitOnFlagUntilTimeout
                0x0000000008001590       0x86 build/stm32f4xx_hal_uart.o
 .text.HAL_UART_Init
                0x0000000008001616       0x60 build/stm32f4xx_hal_uart.o
                0x0000000008001616                HAL_UART_Init
 .text.HAL_UART_Transmit
                0x0000000008001676       0xcc build/stm32f4xx_hal_uart.o
                0x0000000008001676                HAL_UART_Transmit
 .text.HAL_UART_TxCpltCallback
                0x0000000008001742        0x2 build/stm32f4xx_hal_uart.o
                0x0000000008001742                HAL_UART_TxCpltCallback
 .text.UART_EndTransmit_IT
                0x0000000008001744       0x1a build/stm32f4xx_hal_uart.o
 .text.HAL_UART_ErrorCallback
                0x000000000800175e        0x2 build/stm32f4xx_hal_uart.o
                0x000000000800175e                HAL_UART_ErrorCallback
 .text.UART_DMAAbortOnError
                0x0000000008001760        0xe build/stm32f4xx_hal_uart.o
 .text.HAL_UARTEx_RxEventCallback
                0x000000000800176e        0x2 build/stm32f4xx_hal_uart.o
                0x000000000800176e                HAL_UARTEx_RxEventCallback
 .text.UART_Receive_IT
                0x0000000008001770       0xe6 build/stm32f4xx_hal_uart.o
 *fill*         0x0000000008001856        0x2 
 .text.HAL_UART_IRQHandler
                0x0000000008001858      0x2a4 build/stm32f4xx_hal_uart.o
                0x0000000008001858                HAL_UART_IRQHandler
 .text.HAL_UART_GetState
                0x0000000008001afc        0xc build/stm32f4xx_hal_uart.o
                0x0000000008001afc                HAL_UART_GetState
 .text.UART_Start_Receive_IT
                0x0000000008001b08       0x36 build/stm32f4xx_hal_uart.o
                0x0000000008001b08                UART_Start_Receive_IT
 .text.HAL_UART_Receive_IT
                0x0000000008001b3e       0x26 build/stm32f4xx_hal_uart.o
                0x0000000008001b3e                HAL_UART_Receive_IT
 .text.SystemInit
                0x0000000008001b64       0x14 build/system_stm32f4xx.o
                0x0000000008001b64                SystemInit
 .text.Reset_Handler
                0x0000000008001b78       0x50 build/startup_stm32f407xx.o
                0x0000000008001b78                Reset_Handler
 .text.Default_Handler
                0x0000000008001bc8        0x2 build/startup_stm32f407xx.o
                0x0000000008001bc8                RTC_Alarm_IRQHandler
                0x0000000008001bc8                HASH_RNG_IRQHandler
                0x0000000008001bc8                EXTI2_IRQHandler
                0x0000000008001bc8                TIM8_CC_IRQHandler
                0x0000000008001bc8                DebugMon_Handler
                0x0000000008001bc8                TIM1_CC_IRQHandler
                0x0000000008001bc8                DMA2_Stream5_IRQHandler
                0x0000000008001bc8                HardFault_Handler
                0x0000000008001bc8                DMA1_Stream5_IRQHandler
                0x0000000008001bc8                SysTick_Handler
                0x0000000008001bc8                PVD_IRQHandler
                0x0000000008001bc8                SDIO_IRQHandler
                0x0000000008001bc8                TAMP_STAMP_IRQHandler
                0x0000000008001bc8                PendSV_Handler
                0x0000000008001bc8                NMI_Handler
                0x0000000008001bc8                CAN2_RX1_IRQHandler
                0x0000000008001bc8                EXTI3_IRQHandler
                0x0000000008001bc8                TIM8_TRG_COM_TIM14_IRQHandler
                0x0000000008001bc8                TIM1_UP_TIM10_IRQHandler
                0x0000000008001bc8                TIM8_UP_TIM13_IRQHandler
                0x0000000008001bc8                I2C3_ER_IRQHandler
                0x0000000008001bc8                EXTI0_IRQHandler
                0x0000000008001bc8                I2C2_EV_IRQHandler
                0x0000000008001bc8                DMA1_Stream2_IRQHandler
                0x0000000008001bc8                CAN1_RX0_IRQHandler
                0x0000000008001bc8                FPU_IRQHandler
                0x0000000008001bc8                OTG_HS_WKUP_IRQHandler
                0x0000000008001bc8                UsageFault_Handler
                0x0000000008001bc8                CAN2_SCE_IRQHandler
                0x0000000008001bc8                DMA2_Stream2_IRQHandler
                0x0000000008001bc8                SPI1_IRQHandler
                0x0000000008001bc8                TIM6_DAC_IRQHandler
                0x0000000008001bc8                TIM1_BRK_TIM9_IRQHandler
                0x0000000008001bc8                DCMI_IRQHandler
                0x0000000008001bc8                CAN2_RX0_IRQHandler
                0x0000000008001bc8                DMA2_Stream3_IRQHandler
                0x0000000008001bc8                USART6_IRQHandler
                0x0000000008001bc8                USART3_IRQHandler
                0x0000000008001bc8                CRYP_IRQHandler
                0x0000000008001bc8                CAN1_RX1_IRQHandler
                0x0000000008001bc8                UART5_IRQHandler
                0x0000000008001bc8                DMA2_Stream0_IRQHandler
                0x0000000008001bc8                TIM4_IRQHandler
                0x0000000008001bc8                I2C1_EV_IRQHandler
                0x0000000008001bc8                DMA1_Stream6_IRQHandler
                0x0000000008001bc8                DMA1_Stream1_IRQHandler
                0x0000000008001bc8                UART4_IRQHandler
                0x0000000008001bc8                TIM3_IRQHandler
                0x0000000008001bc8                RCC_IRQHandler
                0x0000000008001bc8                TIM8_BRK_TIM12_IRQHandler
                0x0000000008001bc8                Default_Handler
                0x0000000008001bc8                EXTI15_10_IRQHandler
                0x0000000008001bc8                ADC_IRQHandler
                0x0000000008001bc8                DMA1_Stream7_IRQHandler
                0x0000000008001bc8                TIM7_IRQHandler
                0x0000000008001bc8                CAN2_TX_IRQHandler
                0x0000000008001bc8                TIM5_IRQHandler
                0x0000000008001bc8                DMA2_Stream7_IRQHandler
                0x0000000008001bc8                I2C3_EV_IRQHandler
                0x0000000008001bc8                EXTI9_5_IRQHandler
                0x0000000008001bc8                RTC_WKUP_IRQHandler
                0x0000000008001bc8                ETH_WKUP_IRQHandler
                0x0000000008001bc8                SPI2_IRQHandler
                0x0000000008001bc8                OTG_HS_EP1_IN_IRQHandler
                0x0000000008001bc8                MemManage_Handler
                0x0000000008001bc8                DMA1_Stream0_IRQHandler
                0x0000000008001bc8                CAN1_TX_IRQHandler
                0x0000000008001bc8                SVC_Handler
                0x0000000008001bc8                EXTI4_IRQHandler
                0x0000000008001bc8                FSMC_IRQHandler
                0x0000000008001bc8                ETH_IRQHandler
                0x0000000008001bc8                OTG_HS_EP1_OUT_IRQHandler
                0x0000000008001bc8                WWDG_IRQHandler
                0x0000000008001bc8                TIM2_IRQHandler
                0x0000000008001bc8                OTG_FS_WKUP_IRQHandler
                0x0000000008001bc8                TIM1_TRG_COM_TIM11_IRQHandler
                0x0000000008001bc8                OTG_HS_IRQHandler
                0x0000000008001bc8                EXTI1_IRQHandler
                0x0000000008001bc8                USART2_IRQHandler
                0x0000000008001bc8                I2C2_ER_IRQHandler
                0x0000000008001bc8                DMA2_Stream1_IRQHandler
                0x0000000008001bc8                CAN1_SCE_IRQHandler
                0x0000000008001bc8                FLASH_IRQHandler
                0x0000000008001bc8                DMA2_Stream4_IRQHandler
                0x0000000008001bc8                BusFault_Handler
                0x0000000008001bc8                OTG_FS_IRQHandler
                0x0000000008001bc8                SPI3_IRQHandler
                0x0000000008001bc8                DMA1_Stream4_IRQHandler
                0x0000000008001bc8                I2C1_ER_IRQHandler
                0x0000000008001bc8                DMA2_Stream6_IRQHandler
                0x0000000008001bc8                DMA1_Stream3_IRQHandler
 *fill*         0x0000000008001bca        0x2 
 .text.__libc_init_array
                0x0000000008001bcc       0x48 /opt/gcc_arm/gcc-arm-none-eabi-9-2019-q4-major/bin/../lib/gcc/arm-none-eabi/9.2.1/../../../../arm-none-eabi/lib/thumb/v7e-m+fp/hard/libc_nano.a(lib_a-init.o)
                0x0000000008001bcc                __libc_init_array
 .text.memset   0x0000000008001c14       0x10 /opt/gcc_arm/gcc-arm-none-eabi-9-2019-q4-major/bin/../lib/gcc/arm-none-eabi/9.2.1/../../../../arm-none-eabi/lib/thumb/v7e-m+fp/hard/libc_nano.a(lib_a-memset.o)
                0x0000000008001c14                memset
 .text.snprintf
                0x0000000008001c24       0x68 /opt/gcc_arm/gcc-arm-none-eabi-9-2019-q4-major/bin/../lib/gcc/arm-none-eabi/9.2.1/../../../../arm-none-eabi/lib/thumb/v7e-m+fp/hard/libc_nano.a(lib_a-snprintf.o)
                0x0000000008001c24                snprintf
                0x0000000008001c24                sniprintf
 .text.__ssputs_r
                0x0000000008001c8c       0xb6 /opt/gcc_arm/gcc-arm-none-eabi-9-2019-q4-major/bin/../lib/gcc/arm-none-eabi/9.2.1/../../../../arm-none-eabi/lib/thumb/v7e-m+fp/hard/libc_nano.a(lib_a-nano-svfprintf.o)
                0x0000000008001c8c                __ssputs_r
 *fill*         0x0000000008001d42        0x2 
 .text._svfprintf_r
                0x0000000008001d44      0x200 /opt/gcc_arm/gcc-arm-none-eabi-9-2019-q4-major/bin/../lib/gcc/arm-none-eabi/9.2.1/../../../../arm-none-eabi/lib/thumb/v7e-m+fp/hard/libc_nano.a(lib_a-nano-svfprintf.o)
                0x0000000008001d44                _svfprintf_r
                0x0000000008001d44                _svfiprintf_r
 .text._printf_common
                0x0000000008001f44       0xda /opt/gcc_arm/gcc-arm-none-eabi-9-2019-q4-major/bin/../lib/gcc/arm-none-eabi/9.2.1/../../../../arm-none-eabi/lib/thumb/v7e-m+fp/hard/libc_nano.a(lib_a-nano-vfprintf_i.o)
                0x0000000008001f44                _printf_common
 *fill*         0x000000000800201e        0x2 
 .text._printf_i
                0x0000000008002020      0x24c /opt/gcc_arm/gcc-arm-none-eabi-9-2019-q4-major/bin/../lib/gcc/arm-none-eabi/9.2.1/../../../../arm-none-eabi/lib/thumb/v7e-m+fp/hard/libc_nano.a(lib_a-nano-vfprintf_i.o)
                0x0000000008002020                _printf_i
 .text.memcpy   0x000000000800226c       0x1c /opt/gcc_arm/gcc-arm-none-eabi-9-2019-q4-major/bin/../lib/gcc/arm-none-eabi/9.2.1/../../../../arm-none-eabi/lib/thumb/v7e-m+fp/hard/libc_nano.a(lib_a-memcpy-stub.o)
                0x000000000800226c                memcpy
 .text.memmove  0x0000000008002288       0x34 /opt/gcc_arm/gcc-arm-none-eabi-9-2019-q4-major/bin/../lib/gcc/arm-none-eabi/9.2.1/../../../../arm-none-eabi/lib/thumb/v7e-m+fp/hard/libc_nano.a(lib_a-memmove.o)
                0x0000000008002288                memmove
 .text._free_r  0x00000000080022bc       0xa0 /opt/gcc_arm/gcc-arm-none-eabi-9-2019-q4-major/bin/../lib/gcc/arm-none-eabi/9.2.1/../../../../arm-none-eabi/lib/thumb/v7e-m+fp/hard/libc_nano.a(lib_a-nano-freer.o)
                0x00000000080022bc                _free_r
 .text._malloc_r
                0x000000000800235c       0xb4 /opt/gcc_arm/gcc-arm-none-eabi-9-2019-q4-major/bin/../lib/gcc/arm-none-eabi/9.2.1/../../../../arm-none-eabi/lib/thumb/v7e-m+fp/hard/libc_nano.a(lib_a-nano-mallocr.o)
                0x000000000800235c                _malloc_r
 .text._realloc_r
                0x0000000008002410       0x4c /opt/gcc_arm/gcc-arm-none-eabi-9-2019-q4-major/bin/../lib/gcc/arm-none-eabi/9.2.1/../../../../arm-none-eabi/lib/thumb/v7e-m+fp/hard/libc_nano.a(lib_a-nano-reallocr.o)
                0x0000000008002410                _realloc_r
 .text._sbrk_r  0x000000000800245c       0x20 /opt/gcc_arm/gcc-arm-none-eabi-9-2019-q4-major/bin/../lib/gcc/arm-none-eabi/9.2.1/../../../../arm-none-eabi/lib/thumb/v7e-m+fp/hard/libc_nano.a(lib_a-sbrkr.o)
                0x000000000800245c                _sbrk_r
 .text.__malloc_lock
                0x000000000800247c        0xc /opt/gcc_arm/gcc-arm-none-eabi-9-2019-q4-major/bin/../lib/gcc/arm-none-eabi/9.2.1/../../../../arm-none-eabi/lib/thumb/v7e-m+fp/hard/libc_nano.a(lib_a-mlock.o)
                0x000000000800247c                __malloc_lock
 .text.__malloc_unlock
                0x0000000008002488        0xc /opt/gcc_arm/gcc-arm-none-eabi-9-2019-q4-major/bin/../lib/gcc/arm-none-eabi/9.2.1/../../../../arm-none-eabi/lib/thumb/v7e-m+fp/hard/libc_nano.a(lib_a-mlock.o)
                0x0000000008002488                __malloc_unlock
 .text._malloc_usable_size_r
                0x0000000008002494       0x10 /opt/gcc_arm/gcc-arm-none-eabi-9-2019-q4-major/bin/../lib/gcc/arm-none-eabi/9.2.1/../../../../arm-none-eabi/lib/thumb/v7e-m+fp/hard/libc_nano.a(lib_a-nano-msizer.o)
                0x0000000008002494                _malloc_usable_size_r
 .text.__retarget_lock_acquire_recursive
                0x00000000080024a4        0x2 /opt/gcc_arm/gcc-arm-none-eabi-9-2019-q4-major/bin/../lib/gcc/arm-none-eabi/9.2.1/../../../../arm-none-eabi/lib/thumb/v7e-m+fp/hard/libc_nano.a(lib_a-lock.o)
                0x00000000080024a4                __retarget_lock_acquire_recursive
 .text.__retarget_lock_release_recursive
                0x00000000080024a6        0x2 /opt/gcc_arm/gcc-arm-none-eabi-9-2019-q4-major/bin/../lib/gcc/arm-none-eabi/9.2.1/../../../../arm-none-eabi/lib/thumb/v7e-m+fp/hard/libc_nano.a(lib_a-lock.o)
                0x00000000080024a6                __retarget_lock_release_recursive
 .text._sbrk    0x00000000080024a8       0x1c /opt/gcc_arm/gcc-arm-none-eabi-9-2019-q4-major/bin/../lib/gcc/arm-none-eabi/9.2.1/../../../../arm-none-eabi/lib/thumb/v7e-m+fp/hard/libnosys.a(sbrk.o)
                0x00000000080024a8                _sbrk
 *(.glue_7)
 .glue_7        0x00000000080024c4        0x0 linker stubs
 *(.glue_7t)
 .glue_7t       0x00000000080024c4        0x0 linker stubs
 *(.eh_frame)
 .eh_frame      0x00000000080024c4        0x0 /opt/gcc_arm/gcc-arm-none-eabi-9-2019-q4-major/bin/../lib/gcc/arm-none-eabi/9.2.1/thumb/v7e-m+fp/hard/crtbegin.o
 *(.init)
 .init          0x00000000080024c4        0x4 /opt/gcc_arm/gcc-arm-none-eabi-9-2019-q4-major/bin/../lib/gcc/arm-none-eabi/9.2.1/thumb/v7e-m+fp/hard/crti.o
                0x00000000080024c4                _init
 .init          0x00000000080024c8        0x8 /opt/gcc_arm/gcc-arm-none-eabi-9-2019-q4-major/bin/../lib/gcc/arm-none-eabi/9.2.1/thumb/v7e-m+fp/hard/crtn.o
 *(.fini)
 .fini          0x00000000080024d0        0x4 /opt/gcc_arm/gcc-arm-none-eabi-9-2019-q4-major/bin/../lib/gcc/arm-none-eabi/9.2.1/thumb/v7e-m+fp/hard/crti.o
                0x00000000080024d0                _fini
 .fini          0x00000000080024d4        0x8 /opt/gcc_arm/gcc-arm-none-eabi-9-2019-q4-major/bin/../lib/gcc/arm-none-eabi/9.2.1/thumb/v7e-m+fp/hard/crtn.o
                0x00000000080024dc                . = ALIGN (0x4)
                0x00000000080024dc                _etext = .

.vfp11_veneer   0x00000000080024dc        0x0
 .vfp11_veneer  0x00000000080024dc        0x0 linker stubs

.v4_bx          0x00000000080024dc        0x0
 .v4_bx         0x00000000080024dc        0x0 linker stubs

.iplt           0x00000000080024dc        0x0
 .iplt          0x00000000080024dc        0x0 /opt/gcc_arm/gcc-arm-none-eabi-9-2019-q4-major/bin/../lib/gcc/arm-none-eabi/9.2.1/thumb/v7e-m+fp/hard/crtbegin.o

.rodata         0x00000000080024dc       0xb0
                0x00000000080024dc                . = ALIGN (0x4)
 *(.rodata)
 *(.rodata*)
 .rodata.main.str1.4
                0x00000000080024dc       0x63 build/main.o
 *fill*         0x000000000800253f        0x1 
 .rodata.AHBPrescTable
                0x0000000008002540       0x10 build/system_stm32f4xx.o
                0x0000000008002540                AHBPrescTable
 .rodata.APBPrescTable
                0x0000000008002550        0x8 build/system_stm32f4xx.o
                0x0000000008002550                APBPrescTable
 .rodata._svfprintf_r.str1.1
                0x0000000008002558       0x11 /opt/gcc_arm/gcc-arm-none-eabi-9-2019-q4-major/bin/../lib/gcc/arm-none-eabi/9.2.1/../../../../arm-none-eabi/lib/thumb/v7e-m+fp/hard/libc_nano.a(lib_a-nano-svfprintf.o)
 .rodata._printf_i.str1.1
                0x0000000008002569       0x22 /opt/gcc_arm/gcc-arm-none-eabi-9-2019-q4-major/bin/../lib/gcc/arm-none-eabi/9.2.1/../../../../arm-none-eabi/lib/thumb/v7e-m+fp/hard/libc_nano.a(lib_a-nano-vfprintf_i.o)
                0x000000000800258c                . = ALIGN (0x4)
 *fill*         0x000000000800258b        0x1 

.ARM.extab      0x000000000800258c        0x0
                0x000000000800258c                . = ALIGN (0x4)
 *(.ARM.extab* .gnu.linkonce.armextab.*)
                0x000000000800258c                . = ALIGN (0x4)

.ARM            0x000000000800258c        0x8
                0x000000000800258c                . = ALIGN (0x4)
                0x000000000800258c                __exidx_start = .
 *(.ARM.exidx*)
 .ARM.exidx     0x000000000800258c        0x8 /opt/gcc_arm/gcc-arm-none-eabi-9-2019-q4-major/bin/../lib/gcc/arm-none-eabi/9.2.1/thumb/v7e-m+fp/hard/libgcc.a(_udivmoddi4.o)
                0x0000000008002594                __exidx_end = .
                0x0000000008002594                . = ALIGN (0x4)

.rel.dyn        0x0000000008002594        0x0
 .rel.iplt      0x0000000008002594        0x0 /opt/gcc_arm/gcc-arm-none-eabi-9-2019-q4-major/bin/../lib/gcc/arm-none-eabi/9.2.1/thumb/v7e-m+fp/hard/crtbegin.o

.preinit_array  0x0000000008002594        0x0
                0x0000000008002594                . = ALIGN (0x4)
                0x0000000008002594                PROVIDE (__preinit_array_start = .)
 *(.preinit_array*)
                0x0000000008002594                PROVIDE (__preinit_array_end = .)
                0x0000000008002594                . = ALIGN (0x4)

.init_array     0x0000000008002594        0x4
                0x0000000008002594                . = ALIGN (0x4)
                0x0000000008002594                PROVIDE (__init_array_start = .)
 *(SORT_BY_NAME(.init_array.*))
 *(.init_array*)
 .init_array    0x0000000008002594        0x4 /opt/gcc_arm/gcc-arm-none-eabi-9-2019-q4-major/bin/../lib/gcc/arm-none-eabi/9.2.1/thumb/v7e-m+fp/hard/crtbegin.o
                0x0000000008002598                PROVIDE (__init_array_end = .)
                0x0000000008002598                . = ALIGN (0x4)

.fini_array     0x0000000008002598        0x4
                0x0000000008002598                . = ALIGN (0x4)
                [!provide]                        PROVIDE (__fini_array_start = .)
 *(SORT_BY_NAME(.fini_array.*))
 *(.fini_array*)
 .fini_array    0x0000000008002598        0x4 /opt/gcc_arm/gcc-arm-none-eabi-9-2019-q4-major/bin/../lib/gcc/arm-none-eabi/9.2.1/thumb/v7e-m+fp/hard/crtbegin.o
                [!provide]                        PROVIDE (__fini_array_end = .)
                0x000000000800259c                . = ALIGN (0x4)
                0x000000000800259c                _sidata = LOADADDR (.data)

.data           0x0000000020000000       0x70 load address 0x000000000800259c
                0x0000000020000000                . = ALIGN (0x4)
                0x0000000020000000                _sdata = .
 *(.data)
 *(.data*)
 .data.uwTickFreq
                0x0000000020000000        0x1 build/stm32f4xx_hal.o
                0x0000000020000000                uwTickFreq
 *fill*         0x0000000020000001        0x3 
 .data.uwTickPrio
                0x0000000020000004        0x4 build/stm32f4xx_hal.o
                0x0000000020000004                uwTickPrio
 .data.SystemCoreClock
                0x0000000020000008        0x4 build/system_stm32f4xx.o
                0x0000000020000008                SystemCoreClock
 .data._impure_ptr
                0x000000002000000c        0x4 /opt/gcc_arm/gcc-arm-none-eabi-9-2019-q4-major/bin/../lib/gcc/arm-none-eabi/9.2.1/../../../../arm-none-eabi/lib/thumb/v7e-m+fp/hard/libc_nano.a(lib_a-impure.o)
                0x000000002000000c                _impure_ptr
 .data.impure_data
                0x0000000020000010       0x60 /opt/gcc_arm/gcc-arm-none-eabi-9-2019-q4-major/bin/../lib/gcc/arm-none-eabi/9.2.1/../../../../arm-none-eabi/lib/thumb/v7e-m+fp/hard/libc_nano.a(lib_a-impure.o)
 *(.RamFunc)
 *(.RamFunc*)
                0x0000000020000070                . = ALIGN (0x4)
                0x0000000020000070                _edata = .
                0x000000000800260c                _siccmram = LOADADDR (.ccmram)

.igot.plt       0x0000000020000070        0x0 load address 0x000000000800260c
 .igot.plt      0x0000000020000070        0x0 /opt/gcc_arm/gcc-arm-none-eabi-9-2019-q4-major/bin/../lib/gcc/arm-none-eabi/9.2.1/thumb/v7e-m+fp/hard/crtbegin.o

.ccmram         0x0000000010000000        0x0 load address 0x000000000800260c
                0x0000000010000000                . = ALIGN (0x4)
                0x0000000010000000                _sccmram = .
 *(.ccmram)
 *(.ccmram*)
                0x0000000010000000                . = ALIGN (0x4)
                0x0000000010000000                _eccmram = .
                0x0000000010000000                . = ALIGN (0x4)

.bss            0x0000000020000070      0x1bc
                0x0000000020000070                _sbss = .
                0x0000000020000070                __bss_start__ = _sbss
 *(.bss)
 .bss           0x0000000020000070       0x1c /opt/gcc_arm/gcc-arm-none-eabi-9-2019-q4-major/bin/../lib/gcc/arm-none-eabi/9.2.1/thumb/v7e-m+fp/hard/crtbegin.o
 *(.bss*)
 .bss.USART_RX_STA
                0x000000002000008c        0x2 build/main.o
                0x000000002000008c                USART_RX_STA
 *fill*         0x000000002000008e        0x2 
 .bss.__malloc_free_list
                0x0000000020000090        0x4 /opt/gcc_arm/gcc-arm-none-eabi-9-2019-q4-major/bin/../lib/gcc/arm-none-eabi/9.2.1/../../../../arm-none-eabi/lib/thumb/v7e-m+fp/hard/libc_nano.a(lib_a-nano-mallocr.o)
                0x0000000020000090                __malloc_free_list
 .bss.__malloc_sbrk_start
                0x0000000020000094        0x4 /opt/gcc_arm/gcc-arm-none-eabi-9-2019-q4-major/bin/../lib/gcc/arm-none-eabi/9.2.1/../../../../arm-none-eabi/lib/thumb/v7e-m+fp/hard/libc_nano.a(lib_a-nano-mallocr.o)
                0x0000000020000094                __malloc_sbrk_start
 .bss.heap_end.5507
                0x0000000020000098        0x4 /opt/gcc_arm/gcc-arm-none-eabi-9-2019-q4-major/bin/../lib/gcc/arm-none-eabi/9.2.1/../../../../arm-none-eabi/lib/thumb/v7e-m+fp/hard/libnosys.a(sbrk.o)
 *(COMMON)
 COMMON         0x000000002000009c      0x17c build/main.o
                0x000000002000009c                UART1_Handler
                0x00000000200000e4                aRxBuffer
                0x00000000200000e8                USART_RX_BUF
                0x00000000200001b0                __stdout
 COMMON         0x0000000020000218        0x4 build/stm32f4xx_hal.o
                0x0000000020000218                uwTick
 COMMON         0x000000002000021c        0x4 /opt/gcc_arm/gcc-arm-none-eabi-9-2019-q4-major/bin/../lib/gcc/arm-none-eabi/9.2.1/../../../../arm-none-eabi/lib/thumb/v7e-m+fp/hard/libc_nano.a(lib_a-reent.o)
                0x000000002000021c                errno
 COMMON         0x0000000020000220        0x9 /opt/gcc_arm/gcc-arm-none-eabi-9-2019-q4-major/bin/../lib/gcc/arm-none-eabi/9.2.1/../../../../arm-none-eabi/lib/thumb/v7e-m+fp/hard/libc_nano.a(lib_a-lock.o)
                0x0000000020000220                __lock___atexit_recursive_mutex
                0x0000000020000221                __lock___arc4random_mutex
                0x0000000020000222                __lock___env_recursive_mutex
                0x0000000020000223                __lock___sinit_recursive_mutex
                0x0000000020000224                __lock___malloc_recursive_mutex
                0x0000000020000225                __lock___at_quick_exit_mutex
                0x0000000020000226                __lock___dd_hash_mutex
                0x0000000020000227                __lock___tz_mutex
                0x0000000020000228                __lock___sfp_recursive_mutex
                0x000000002000022c                . = ALIGN (0x4)
 *fill*         0x0000000020000229        0x3 
                0x000000002000022c                _ebss = .
                0x000000002000022c                __bss_end__ = _ebss

._user_heap_stack
                0x000000002000022c      0x604
                0x0000000020000230                . = ALIGN (0x8)
 *fill*         0x000000002000022c        0x4 
                0x0000000020000230                PROVIDE (end = .)
                [!provide]                        PROVIDE (_end = .)
                0x0000000020000430                . = (. + _Min_Heap_Size)
 *fill*         0x0000000020000230      0x200 
                0x0000000020000830                . = (. + _Min_Stack_Size)
 *fill*         0x0000000020000430      0x400 
                0x0000000020000830                . = ALIGN (0x8)

/DISCARD/
 libc.a(*)
 libm.a(*)
 libgcc.a(*)

.ARM.attributes
                0x0000000000000000       0x30
 *(.ARM.attributes)
 .ARM.attributes
                0x0000000000000000       0x1e /opt/gcc_arm/gcc-arm-none-eabi-9-2019-q4-major/bin/../lib/gcc/arm-none-eabi/9.2.1/thumb/v7e-m+fp/hard/crti.o
 .ARM.attributes
                0x000000000000001e       0x34 /opt/gcc_arm/gcc-arm-none-eabi-9-2019-q4-major/bin/../lib/gcc/arm-none-eabi/9.2.1/thumb/v7e-m+fp/hard/crtbegin.o
 .ARM.attributes
                0x0000000000000052       0x34 build/main.o
 .ARM.attributes
                0x0000000000000086       0x34 build/stm32f4xx_hal.o
 .ARM.attributes
                0x00000000000000ba       0x34 build/stm32f4xx_hal_cortex.o
 .ARM.attributes
                0x00000000000000ee       0x34 build/stm32f4xx_hal_dma.o
 .ARM.attributes
                0x0000000000000122       0x34 build/stm32f4xx_hal_gpio.o
 .ARM.attributes
                0x0000000000000156       0x34 build/stm32f4xx_hal_msp_template.o
 .ARM.attributes
                0x000000000000018a       0x34 build/stm32f4xx_hal_rcc.o
 .ARM.attributes
                0x00000000000001be       0x34 build/stm32f4xx_hal_uart.o
 .ARM.attributes
                0x00000000000001f2       0x34 build/system_stm32f4xx.o
 .ARM.attributes
                0x0000000000000226       0x21 build/startup_stm32f407xx.o
 .ARM.attributes
                0x0000000000000247       0x32 /opt/gcc_arm/gcc-arm-none-eabi-9-2019-q4-major/bin/../lib/gcc/arm-none-eabi/9.2.1/../../../../arm-none-eabi/lib/thumb/v7e-m+fp/hard/libc_nano.a(lib_a-impure.o)
 .ARM.attributes
                0x0000000000000279       0x34 /opt/gcc_arm/gcc-arm-none-eabi-9-2019-q4-major/bin/../lib/gcc/arm-none-eabi/9.2.1/../../../../arm-none-eabi/lib/thumb/v7e-m+fp/hard/libc_nano.a(lib_a-init.o)
 .ARM.attributes
                0x00000000000002ad       0x34 /opt/gcc_arm/gcc-arm-none-eabi-9-2019-q4-major/bin/../lib/gcc/arm-none-eabi/9.2.1/../../../../arm-none-eabi/lib/thumb/v7e-m+fp/hard/libc_nano.a(lib_a-memset.o)
 .ARM.attributes
                0x00000000000002e1       0x34 /opt/gcc_arm/gcc-arm-none-eabi-9-2019-q4-major/bin/../lib/gcc/arm-none-eabi/9.2.1/../../../../arm-none-eabi/lib/thumb/v7e-m+fp/hard/libc_nano.a(lib_a-snprintf.o)
 .ARM.attributes
                0x0000000000000315       0x17 /opt/gcc_arm/gcc-arm-none-eabi-9-2019-q4-major/bin/../lib/gcc/arm-none-eabi/9.2.1/../../../../arm-none-eabi/lib/thumb/v7e-m+fp/hard/libc_nano.a(lib_a-strlen.o)
 .ARM.attributes
                0x000000000000032c       0x34 /opt/gcc_arm/gcc-arm-none-eabi-9-2019-q4-major/bin/../lib/gcc/arm-none-eabi/9.2.1/../../../../arm-none-eabi/lib/thumb/v7e-m+fp/hard/libc_nano.a(lib_a-nano-svfprintf.o)
 .ARM.attributes
                0x0000000000000360       0x34 /opt/gcc_arm/gcc-arm-none-eabi-9-2019-q4-major/bin/../lib/gcc/arm-none-eabi/9.2.1/../../../../arm-none-eabi/lib/thumb/v7e-m+fp/hard/libc_nano.a(lib_a-nano-vfprintf_i.o)
 .ARM.attributes
                0x0000000000000394       0x1c /opt/gcc_arm/gcc-arm-none-eabi-9-2019-q4-major/bin/../lib/gcc/arm-none-eabi/9.2.1/../../../../arm-none-eabi/lib/thumb/v7e-m+fp/hard/libc_nano.a(lib_a-memchr.o)
 .ARM.attributes
                0x00000000000003b0       0x34 /opt/gcc_arm/gcc-arm-none-eabi-9-2019-q4-major/bin/../lib/gcc/arm-none-eabi/9.2.1/../../../../arm-none-eabi/lib/thumb/v7e-m+fp/hard/libc_nano.a(lib_a-memcpy-stub.o)
 .ARM.attributes
                0x00000000000003e4       0x34 /opt/gcc_arm/gcc-arm-none-eabi-9-2019-q4-major/bin/../lib/gcc/arm-none-eabi/9.2.1/../../../../arm-none-eabi/lib/thumb/v7e-m+fp/hard/libc_nano.a(lib_a-memmove.o)
 .ARM.attributes
                0x0000000000000418       0x34 /opt/gcc_arm/gcc-arm-none-eabi-9-2019-q4-major/bin/../lib/gcc/arm-none-eabi/9.2.1/../../../../arm-none-eabi/lib/thumb/v7e-m+fp/hard/libc_nano.a(lib_a-nano-freer.o)
 .ARM.attributes
                0x000000000000044c       0x34 /opt/gcc_arm/gcc-arm-none-eabi-9-2019-q4-major/bin/../lib/gcc/arm-none-eabi/9.2.1/../../../../arm-none-eabi/lib/thumb/v7e-m+fp/hard/libc_nano.a(lib_a-nano-mallocr.o)
 .ARM.attributes
                0x0000000000000480       0x34 /opt/gcc_arm/gcc-arm-none-eabi-9-2019-q4-major/bin/../lib/gcc/arm-none-eabi/9.2.1/../../../../arm-none-eabi/lib/thumb/v7e-m+fp/hard/libc_nano.a(lib_a-nano-reallocr.o)
 .ARM.attributes
                0x00000000000004b4       0x34 /opt/gcc_arm/gcc-arm-none-eabi-9-2019-q4-major/bin/../lib/gcc/arm-none-eabi/9.2.1/../../../../arm-none-eabi/lib/thumb/v7e-m+fp/hard/libc_nano.a(lib_a-sbrkr.o)
 .ARM.attributes
                0x00000000000004e8       0x34 /opt/gcc_arm/gcc-arm-none-eabi-9-2019-q4-major/bin/../lib/gcc/arm-none-eabi/9.2.1/../../../../arm-none-eabi/lib/thumb/v7e-m+fp/hard/libc_nano.a(lib_a-mlock.o)
 .ARM.attributes
                0x000000000000051c       0x34 /opt/gcc_arm/gcc-arm-none-eabi-9-2019-q4-major/bin/../lib/gcc/arm-none-eabi/9.2.1/../../../../arm-none-eabi/lib/thumb/v7e-m+fp/hard/libc_nano.a(lib_a-nano-msizer.o)
 .ARM.attributes
                0x0000000000000550       0x34 /opt/gcc_arm/gcc-arm-none-eabi-9-2019-q4-major/bin/../lib/gcc/arm-none-eabi/9.2.1/../../../../arm-none-eabi/lib/thumb/v7e-m+fp/hard/libc_nano.a(lib_a-reent.o)
 .ARM.attributes
                0x0000000000000584       0x34 /opt/gcc_arm/gcc-arm-none-eabi-9-2019-q4-major/bin/../lib/gcc/arm-none-eabi/9.2.1/../../../../arm-none-eabi/lib/thumb/v7e-m+fp/hard/libc_nano.a(lib_a-lock.o)
 .ARM.attributes
                0x00000000000005b8       0x34 /opt/gcc_arm/gcc-arm-none-eabi-9-2019-q4-major/bin/../lib/gcc/arm-none-eabi/9.2.1/../../../../arm-none-eabi/lib/thumb/v7e-m+fp/hard/libnosys.a(sbrk.o)
 .ARM.attributes
                0x00000000000005ec       0x1e /opt/gcc_arm/gcc-arm-none-eabi-9-2019-q4-major/bin/../lib/gcc/arm-none-eabi/9.2.1/thumb/v7e-m+fp/hard/libgcc.a(_aeabi_uldivmod.o)
 .ARM.attributes
                0x000000000000060a       0x34 /opt/gcc_arm/gcc-arm-none-eabi-9-2019-q4-major/bin/../lib/gcc/arm-none-eabi/9.2.1/thumb/v7e-m+fp/hard/libgcc.a(_udivmoddi4.o)
 .ARM.attributes
                0x000000000000063e       0x1e /opt/gcc_arm/gcc-arm-none-eabi-9-2019-q4-major/bin/../lib/gcc/arm-none-eabi/9.2.1/thumb/v7e-m+fp/hard/libgcc.a(_dvmd_tls.o)
 .ARM.attributes
                0x000000000000065c       0x1e /opt/gcc_arm/gcc-arm-none-eabi-9-2019-q4-major/bin/../lib/gcc/arm-none-eabi/9.2.1/thumb/v7e-m+fp/hard/crtn.o
OUTPUT(build/yaskawa_encoder.elf elf32-littlearm)

.debug_info     0x0000000000000000     0xaec4
 .debug_info    0x0000000000000000     0x227d build/main.o
 .debug_info    0x000000000000227d      0xb5e build/stm32f4xx_hal.o
 .debug_info    0x0000000000002ddb     0x1290 build/stm32f4xx_hal_cortex.o
 .debug_info    0x000000000000406b      0xc8b build/stm32f4xx_hal_dma.o
 .debug_info    0x0000000000004cf6      0x92a build/stm32f4xx_hal_gpio.o
 .debug_info    0x0000000000005620      0x1e6 build/stm32f4xx_hal_msp_template.o
 .debug_info    0x0000000000005806      0xc5a build/stm32f4xx_hal_rcc.o
 .debug_info    0x0000000000006460     0x4406 build/stm32f4xx_hal_uart.o
 .debug_info    0x000000000000a866      0x63c build/system_stm32f4xx.o
 .debug_info    0x000000000000aea2       0x22 build/startup_stm32f407xx.o

.debug_abbrev   0x0000000000000000     0x17de
 .debug_abbrev  0x0000000000000000      0x448 build/main.o
 .debug_abbrev  0x0000000000000448      0x21c build/stm32f4xx_hal.o
 .debug_abbrev  0x0000000000000664      0x39f build/stm32f4xx_hal_cortex.o
 .debug_abbrev  0x0000000000000a03      0x312 build/stm32f4xx_hal_dma.o
 .debug_abbrev  0x0000000000000d15      0x258 build/stm32f4xx_hal_gpio.o
 .debug_abbrev  0x0000000000000f6d       0xb7 build/stm32f4xx_hal_msp_template.o
 .debug_abbrev  0x0000000000001024      0x2cd build/stm32f4xx_hal_rcc.o
 .debug_abbrev  0x00000000000012f1      0x391 build/stm32f4xx_hal_uart.o
 .debug_abbrev  0x0000000000001682      0x14a build/system_stm32f4xx.o
 .debug_abbrev  0x00000000000017cc       0x12 build/startup_stm32f407xx.o

.debug_loc      0x0000000000000000     0x76a2
 .debug_loc     0x0000000000000000      0x4bb build/main.o
 .debug_loc     0x00000000000004bb      0x1e1 build/stm32f4xx_hal.o
 .debug_loc     0x000000000000069c      0x7d4 build/stm32f4xx_hal_cortex.o
 .debug_loc     0x0000000000000e70      0xd6d build/stm32f4xx_hal_dma.o
 .debug_loc     0x0000000000001bdd      0x5db build/stm32f4xx_hal_gpio.o
 .debug_loc     0x00000000000021b8      0x6c7 build/stm32f4xx_hal_rcc.o
 .debug_loc     0x000000000000287f     0x4d51 build/stm32f4xx_hal_uart.o
 .debug_loc     0x00000000000075d0       0xd2 build/system_stm32f4xx.o

.debug_aranges  0x0000000000000000      0x638
 .debug_aranges
                0x0000000000000000       0x88 build/main.o
 .debug_aranges
                0x0000000000000088       0xf0 build/stm32f4xx_hal.o
 .debug_aranges
                0x0000000000000178       0xc0 build/stm32f4xx_hal_cortex.o
 .debug_aranges
                0x0000000000000238       0x90 build/stm32f4xx_hal_dma.o
 .debug_aranges
                0x00000000000002c8       0x58 build/stm32f4xx_hal_gpio.o
 .debug_aranges
                0x0000000000000320       0x38 build/stm32f4xx_hal_msp_template.o
 .debug_aranges
                0x0000000000000358       0x88 build/stm32f4xx_hal_rcc.o
 .debug_aranges
                0x00000000000003e0      0x208 build/stm32f4xx_hal_uart.o
 .debug_aranges
                0x00000000000005e8       0x28 build/system_stm32f4xx.o
 .debug_aranges
                0x0000000000000610       0x28 build/startup_stm32f407xx.o

.debug_ranges   0x0000000000000000      0x630
 .debug_ranges  0x0000000000000000       0x90 build/main.o
 .debug_ranges  0x0000000000000090       0xe0 build/stm32f4xx_hal.o
 .debug_ranges  0x0000000000000170      0x110 build/stm32f4xx_hal_cortex.o
 .debug_ranges  0x0000000000000280       0x80 build/stm32f4xx_hal_dma.o
 .debug_ranges  0x0000000000000300       0x48 build/stm32f4xx_hal_gpio.o
 .debug_ranges  0x0000000000000348       0x28 build/stm32f4xx_hal_msp_template.o
 .debug_ranges  0x0000000000000370       0x90 build/stm32f4xx_hal_rcc.o
 .debug_ranges  0x0000000000000400      0x1f8 build/stm32f4xx_hal_uart.o
 .debug_ranges  0x00000000000005f8       0x18 build/system_stm32f4xx.o
 .debug_ranges  0x0000000000000610       0x20 build/startup_stm32f407xx.o

.debug_line     0x0000000000000000     0x7e17
 .debug_line    0x0000000000000000      0x8e4 build/main.o
 .debug_line    0x00000000000008e4      0x540 build/stm32f4xx_hal.o
 .debug_line    0x0000000000000e24      0x7b1 build/stm32f4xx_hal_cortex.o
 .debug_line    0x00000000000015d5      0xe29 build/stm32f4xx_hal_dma.o
 .debug_line    0x00000000000023fe      0x70a build/stm32f4xx_hal_gpio.o
 .debug_line    0x0000000000002b08      0x1da build/stm32f4xx_hal_msp_template.o
 .debug_line    0x0000000000002ce2      0xb46 build/stm32f4xx_hal_rcc.o
 .debug_line    0x0000000000003828     0x42fb build/stm32f4xx_hal_uart.o
 .debug_line    0x0000000000007b23      0x281 build/system_stm32f4xx.o
 .debug_line    0x0000000000007da4       0x73 build/startup_stm32f407xx.o

.debug_str      0x0000000000000000     0x2820
 .debug_str     0x0000000000000000     0x148f build/main.o
                                       0x158b (size before relaxing)
 .debug_str     0x000000000000148f      0x2a1 build/stm32f4xx_hal.o
                                        0xb93 (size before relaxing)
 .debug_str     0x0000000000001730      0x4ac build/stm32f4xx_hal_cortex.o
                                        0xd1b (size before relaxing)
 .debug_str     0x0000000000001bdc      0x300 build/stm32f4xx_hal_dma.o
                                        0x81e (size before relaxing)
 .debug_str     0x0000000000001edc      0x11a build/stm32f4xx_hal_gpio.o
                                        0x598 (size before relaxing)
 .debug_str     0x0000000000001ff6       0x58 build/stm32f4xx_hal_msp_template.o
                                        0x2d3 (size before relaxing)
 .debug_str     0x000000000000204e      0x18f build/stm32f4xx_hal_rcc.o
                                        0x776 (size before relaxing)
 .debug_str     0x00000000000021dd      0x5c0 build/stm32f4xx_hal_uart.o
                                        0xe42 (size before relaxing)
 .debug_str     0x000000000000279d       0x5f build/system_stm32f4xx.o
                                        0x421 (size before relaxing)
 .debug_str     0x00000000000027fc       0x24 build/startup_stm32f407xx.o
                                         0x3c (size before relaxing)

.comment        0x0000000000000000       0x79
 .comment       0x0000000000000000       0x79 build/main.o
                                         0x7a (size before relaxing)
 .comment       0x0000000000000079       0x7a build/stm32f4xx_hal.o
 .comment       0x0000000000000079       0x7a build/stm32f4xx_hal_cortex.o
 .comment       0x0000000000000079       0x7a build/stm32f4xx_hal_dma.o
 .comment       0x0000000000000079       0x7a build/stm32f4xx_hal_gpio.o
 .comment       0x0000000000000079       0x7a build/stm32f4xx_hal_msp_template.o
 .comment       0x0000000000000079       0x7a build/stm32f4xx_hal_rcc.o
 .comment       0x0000000000000079       0x7a build/stm32f4xx_hal_uart.o
 .comment       0x0000000000000079       0x7a build/system_stm32f4xx.o

.debug_frame    0x0000000000000000     0x1548
 .debug_frame   0x0000000000000000      0x198 build/main.o
 .debug_frame   0x0000000000000198      0x200 build/stm32f4xx_hal.o
 .debug_frame   0x0000000000000398      0x19c build/stm32f4xx_hal_cortex.o
 .debug_frame   0x0000000000000534      0x1b8 build/stm32f4xx_hal_dma.o
 .debug_frame   0x00000000000006ec       0xec build/stm32f4xx_hal_gpio.o
 .debug_frame   0x00000000000007d8       0x50 build/stm32f4xx_hal_msp_template.o
 .debug_frame   0x0000000000000828      0x1ac build/stm32f4xx_hal_rcc.o
 .debug_frame   0x00000000000009d4      0x690 build/stm32f4xx_hal_uart.o
 .debug_frame   0x0000000000001064       0x30 build/system_stm32f4xx.o
 .debug_frame   0x0000000000001094       0x2c /opt/gcc_arm/gcc-arm-none-eabi-9-2019-q4-major/bin/../lib/gcc/arm-none-eabi/9.2.1/../../../../arm-none-eabi/lib/thumb/v7e-m+fp/hard/libc_nano.a(lib_a-init.o)
 .debug_frame   0x00000000000010c0       0x20 /opt/gcc_arm/gcc-arm-none-eabi-9-2019-q4-major/bin/../lib/gcc/arm-none-eabi/9.2.1/../../../../arm-none-eabi/lib/thumb/v7e-m+fp/hard/libc_nano.a(lib_a-memset.o)
 .debug_frame   0x00000000000010e0       0x7c /opt/gcc_arm/gcc-arm-none-eabi-9-2019-q4-major/bin/../lib/gcc/arm-none-eabi/9.2.1/../../../../arm-none-eabi/lib/thumb/v7e-m+fp/hard/libc_nano.a(lib_a-snprintf.o)
 .debug_frame   0x000000000000115c       0x90 /opt/gcc_arm/gcc-arm-none-eabi-9-2019-q4-major/bin/../lib/gcc/arm-none-eabi/9.2.1/../../../../arm-none-eabi/lib/thumb/v7e-m+fp/hard/libc_nano.a(lib_a-nano-svfprintf.o)
 .debug_frame   0x00000000000011ec       0x60 /opt/gcc_arm/gcc-arm-none-eabi-9-2019-q4-major/bin/../lib/gcc/arm-none-eabi/9.2.1/../../../../arm-none-eabi/lib/thumb/v7e-m+fp/hard/libc_nano.a(lib_a-nano-vfprintf_i.o)
 .debug_frame   0x000000000000124c       0x28 /opt/gcc_arm/gcc-arm-none-eabi-9-2019-q4-major/bin/../lib/gcc/arm-none-eabi/9.2.1/../../../../arm-none-eabi/lib/thumb/v7e-m+fp/hard/libc_nano.a(lib_a-memcpy-stub.o)
 .debug_frame   0x0000000000001274       0x28 /opt/gcc_arm/gcc-arm-none-eabi-9-2019-q4-major/bin/../lib/gcc/arm-none-eabi/9.2.1/../../../../arm-none-eabi/lib/thumb/v7e-m+fp/hard/libc_nano.a(lib_a-memmove.o)
 .debug_frame   0x000000000000129c       0x38 /opt/gcc_arm/gcc-arm-none-eabi-9-2019-q4-major/bin/../lib/gcc/arm-none-eabi/9.2.1/../../../../arm-none-eabi/lib/thumb/v7e-m+fp/hard/libc_nano.a(lib_a-nano-freer.o)
 .debug_frame   0x00000000000012d4       0x30 /opt/gcc_arm/gcc-arm-none-eabi-9-2019-q4-major/bin/../lib/gcc/arm-none-eabi/9.2.1/../../../../arm-none-eabi/lib/thumb/v7e-m+fp/hard/libc_nano.a(lib_a-nano-mallocr.o)
 .debug_frame   0x0000000000001304       0x3c /opt/gcc_arm/gcc-arm-none-eabi-9-2019-q4-major/bin/../lib/gcc/arm-none-eabi/9.2.1/../../../../arm-none-eabi/lib/thumb/v7e-m+fp/hard/libc_nano.a(lib_a-nano-reallocr.o)
 .debug_frame   0x0000000000001340       0x2c /opt/gcc_arm/gcc-arm-none-eabi-9-2019-q4-major/bin/../lib/gcc/arm-none-eabi/9.2.1/../../../../arm-none-eabi/lib/thumb/v7e-m+fp/hard/libc_nano.a(lib_a-sbrkr.o)
 .debug_frame   0x000000000000136c       0x30 /opt/gcc_arm/gcc-arm-none-eabi-9-2019-q4-major/bin/../lib/gcc/arm-none-eabi/9.2.1/../../../../arm-none-eabi/lib/thumb/v7e-m+fp/hard/libc_nano.a(lib_a-mlock.o)
 .debug_frame   0x000000000000139c       0x20 /opt/gcc_arm/gcc-arm-none-eabi-9-2019-q4-major/bin/../lib/gcc/arm-none-eabi/9.2.1/../../../../arm-none-eabi/lib/thumb/v7e-m+fp/hard/libc_nano.a(lib_a-nano-msizer.o)
 .debug_frame   0x00000000000013bc       0x5c /opt/gcc_arm/gcc-arm-none-eabi-9-2019-q4-major/bin/../lib/gcc/arm-none-eabi/9.2.1/../../../../arm-none-eabi/lib/thumb/v7e-m+fp/hard/libc_nano.a(lib_a-reent.o)
 .debug_frame   0x0000000000001418       0xb0 /opt/gcc_arm/gcc-arm-none-eabi-9-2019-q4-major/bin/../lib/gcc/arm-none-eabi/9.2.1/../../../../arm-none-eabi/lib/thumb/v7e-m+fp/hard/libc_nano.a(lib_a-lock.o)
 .debug_frame   0x00000000000014c8       0x20 /opt/gcc_arm/gcc-arm-none-eabi-9-2019-q4-major/bin/../lib/gcc/arm-none-eabi/9.2.1/../../../../arm-none-eabi/lib/thumb/v7e-m+fp/hard/libnosys.a(sbrk.o)
 .debug_frame   0x00000000000014e8       0x2c /opt/gcc_arm/gcc-arm-none-eabi-9-2019-q4-major/bin/../lib/gcc/arm-none-eabi/9.2.1/thumb/v7e-m+fp/hard/libgcc.a(_aeabi_uldivmod.o)
 .debug_frame   0x0000000000001514       0x34 /opt/gcc_arm/gcc-arm-none-eabi-9-2019-q4-major/bin/../lib/gcc/arm-none-eabi/9.2.1/thumb/v7e-m+fp/hard/libgcc.a(_udivmoddi4.o)

Cross Reference Table

Symbol                                            File
ADC_IRQHandler                                    build/startup_stm32f407xx.o
AHBPrescTable                                     build/system_stm32f4xx.o
                                                  build/stm32f4xx_ll_utils.o
                                                  build/stm32f4xx_hal_rcc.o
APBPrescTable                                     build/system_stm32f4xx.o
                                                  build/stm32f4xx_hal_rcc.o
BusFault_Handler                                  build/startup_stm32f407xx.o
CAN1_RX0_IRQHandler                               build/startup_stm32f407xx.o
CAN1_RX1_IRQHandler                               build/startup_stm32f407xx.o
CAN1_SCE_IRQHandler                               build/startup_stm32f407xx.o
CAN1_TX_IRQHandler                                build/startup_stm32f407xx.o
CAN2_RX0_IRQHandler                               build/startup_stm32f407xx.o
CAN2_RX1_IRQHandler                               build/startup_stm32f407xx.o
CAN2_SCE_IRQHandler                               build/startup_stm32f407xx.o
CAN2_TX_IRQHandler                                build/startup_stm32f407xx.o
CRYP_IRQHandler                                   build/startup_stm32f407xx.o
DAC_DMAConvCpltCh1                                build/stm32f4xx_hal_dac.o
DAC_DMAConvCpltCh2                                build/stm32f4xx_hal_dac_ex.o
                                                  build/stm32f4xx_hal_dac.o
DAC_DMAErrorCh1                                   build/stm32f4xx_hal_dac.o
DAC_DMAErrorCh2                                   build/stm32f4xx_hal_dac_ex.o
                                                  build/stm32f4xx_hal_dac.o
DAC_DMAHalfConvCpltCh1                            build/stm32f4xx_hal_dac.o
DAC_DMAHalfConvCpltCh2                            build/stm32f4xx_hal_dac_ex.o
                                                  build/stm32f4xx_hal_dac.o
DCMI_IRQHandler                                   build/startup_stm32f407xx.o
DMA1_Stream0_IRQHandler                           build/startup_stm32f407xx.o
DMA1_Stream1_IRQHandler                           build/startup_stm32f407xx.o
DMA1_Stream2_IRQHandler                           build/startup_stm32f407xx.o
DMA1_Stream3_IRQHandler                           build/startup_stm32f407xx.o
DMA1_Stream4_IRQHandler                           build/startup_stm32f407xx.o
DMA1_Stream5_IRQHandler                           build/startup_stm32f407xx.o
DMA1_Stream6_IRQHandler                           build/startup_stm32f407xx.o
DMA1_Stream7_IRQHandler                           build/startup_stm32f407xx.o
DMA2_Stream0_IRQHandler                           build/startup_stm32f407xx.o
DMA2_Stream1_IRQHandler                           build/startup_stm32f407xx.o
DMA2_Stream2_IRQHandler                           build/startup_stm32f407xx.o
DMA2_Stream3_IRQHandler                           build/startup_stm32f407xx.o
DMA2_Stream4_IRQHandler                           build/startup_stm32f407xx.o
DMA2_Stream5_IRQHandler                           build/startup_stm32f407xx.o
DMA2_Stream6_IRQHandler                           build/startup_stm32f407xx.o
DMA2_Stream7_IRQHandler                           build/startup_stm32f407xx.o
DebugMon_Handler                                  build/startup_stm32f407xx.o
Default_Handler                                   build/startup_stm32f407xx.o
ETH_IRQHandler                                    build/startup_stm32f407xx.o
ETH_WKUP_IRQHandler                               build/startup_stm32f407xx.o
EXTI0_IRQHandler                                  build/startup_stm32f407xx.o
EXTI15_10_IRQHandler                              build/startup_stm32f407xx.o
EXTI1_IRQHandler                                  build/startup_stm32f407xx.o
EXTI2_IRQHandler                                  build/startup_stm32f407xx.o
EXTI3_IRQHandler                                  build/startup_stm32f407xx.o
EXTI4_IRQHandler                                  build/startup_stm32f407xx.o
EXTI9_5_IRQHandler                                build/startup_stm32f407xx.o
Error_Handler                                     build/main.o
FLASH_Erase_Sector                                build/stm32f4xx_hal_flash_ex.o
                                                  build/stm32f4xx_hal_flash.o
FLASH_FlushCaches                                 build/stm32f4xx_hal_flash_ex.o
                                                  build/stm32f4xx_hal_flash.o
FLASH_IRQHandler                                  build/startup_stm32f407xx.o
FLASH_WaitForLastOperation                        build/stm32f4xx_hal_flash.o
                                                  build/stm32f4xx_hal_flash_ex.o
FPU_IRQHandler                                    build/startup_stm32f407xx.o
FSMC_IRQHandler                                   build/startup_stm32f407xx.o
FSMC_NAND_AttributeSpace_Timing_Init              build/stm32f4xx_ll_fsmc.o
                                                  build/stm32f4xx_hal_nand.o
FSMC_NAND_CommonSpace_Timing_Init                 build/stm32f4xx_ll_fsmc.o
                                                  build/stm32f4xx_hal_nand.o
FSMC_NAND_DeInit                                  build/stm32f4xx_ll_fsmc.o
                                                  build/stm32f4xx_hal_nand.o
FSMC_NAND_ECC_Disable                             build/stm32f4xx_ll_fsmc.o
                                                  build/stm32f4xx_hal_nand.o
FSMC_NAND_ECC_Enable                              build/stm32f4xx_ll_fsmc.o
                                                  build/stm32f4xx_hal_nand.o
FSMC_NAND_GetECC                                  build/stm32f4xx_ll_fsmc.o
                                                  build/stm32f4xx_hal_nand.o
FSMC_NAND_Init                                    build/stm32f4xx_ll_fsmc.o
                                                  build/stm32f4xx_hal_nand.o
FSMC_NORSRAM_DeInit                               build/stm32f4xx_ll_fsmc.o
                                                  build/stm32f4xx_hal_sram.o
                                                  build/stm32f4xx_hal_nor.o
FSMC_NORSRAM_Extended_Timing_Init                 build/stm32f4xx_ll_fsmc.o
                                                  build/stm32f4xx_hal_sram.o
                                                  build/stm32f4xx_hal_nor.o
FSMC_NORSRAM_Init                                 build/stm32f4xx_ll_fsmc.o
                                                  build/stm32f4xx_hal_sram.o
                                                  build/stm32f4xx_hal_nor.o
FSMC_NORSRAM_Timing_Init                          build/stm32f4xx_ll_fsmc.o
                                                  build/stm32f4xx_hal_sram.o
                                                  build/stm32f4xx_hal_nor.o
FSMC_NORSRAM_WriteOperation_Disable               build/stm32f4xx_ll_fsmc.o
                                                  build/stm32f4xx_hal_sram.o
                                                  build/stm32f4xx_hal_nor.o
FSMC_NORSRAM_WriteOperation_Enable                build/stm32f4xx_ll_fsmc.o
                                                  build/stm32f4xx_hal_sram.o
                                                  build/stm32f4xx_hal_nor.o
FSMC_PCCARD_AttributeSpace_Timing_Init            build/stm32f4xx_ll_fsmc.o
                                                  build/stm32f4xx_hal_pccard.o
FSMC_PCCARD_CommonSpace_Timing_Init               build/stm32f4xx_ll_fsmc.o
                                                  build/stm32f4xx_hal_pccard.o
FSMC_PCCARD_DeInit                                build/stm32f4xx_ll_fsmc.o
                                                  build/stm32f4xx_hal_pccard.o
FSMC_PCCARD_IOSpace_Timing_Init                   build/stm32f4xx_ll_fsmc.o
                                                  build/stm32f4xx_hal_pccard.o
FSMC_PCCARD_Init                                  build/stm32f4xx_ll_fsmc.o
                                                  build/stm32f4xx_hal_pccard.o
HAL_ADCEx_InjectedConfigChannel                   build/stm32f4xx_hal_adc_ex.o
HAL_ADCEx_InjectedConvCpltCallback                build/stm32f4xx_hal_adc_ex.o
                                                  build/stm32f4xx_hal_adc.o
HAL_ADCEx_InjectedGetValue                        build/stm32f4xx_hal_adc_ex.o
HAL_ADCEx_InjectedPollForConversion               build/stm32f4xx_hal_adc_ex.o
HAL_ADCEx_InjectedStart                           build/stm32f4xx_hal_adc_ex.o
HAL_ADCEx_InjectedStart_IT                        build/stm32f4xx_hal_adc_ex.o
HAL_ADCEx_InjectedStop                            build/stm32f4xx_hal_adc_ex.o
HAL_ADCEx_InjectedStop_IT                         build/stm32f4xx_hal_adc_ex.o
HAL_ADCEx_MultiModeConfigChannel                  build/stm32f4xx_hal_adc_ex.o
HAL_ADCEx_MultiModeGetValue                       build/stm32f4xx_hal_adc_ex.o
HAL_ADCEx_MultiModeStart_DMA                      build/stm32f4xx_hal_adc_ex.o
HAL_ADCEx_MultiModeStop_DMA                       build/stm32f4xx_hal_adc_ex.o
HAL_ADC_AnalogWDGConfig                           build/stm32f4xx_hal_adc.o
HAL_ADC_ConfigChannel                             build/stm32f4xx_hal_adc.o
HAL_ADC_ConvCpltCallback                          build/stm32f4xx_hal_adc.o
                                                  build/stm32f4xx_hal_adc_ex.o
HAL_ADC_ConvHalfCpltCallback                      build/stm32f4xx_hal_adc.o
                                                  build/stm32f4xx_hal_adc_ex.o
HAL_ADC_DeInit                                    build/stm32f4xx_hal_adc.o
HAL_ADC_ErrorCallback                             build/stm32f4xx_hal_adc.o
                                                  build/stm32f4xx_hal_adc_ex.o
HAL_ADC_GetError                                  build/stm32f4xx_hal_adc.o
HAL_ADC_GetState                                  build/stm32f4xx_hal_adc.o
HAL_ADC_GetValue                                  build/stm32f4xx_hal_adc.o
HAL_ADC_IRQHandler                                build/stm32f4xx_hal_adc.o
HAL_ADC_Init                                      build/stm32f4xx_hal_adc.o
HAL_ADC_LevelOutOfWindowCallback                  build/stm32f4xx_hal_adc.o
HAL_ADC_MspDeInit                                 build/stm32f4xx_hal_adc.o
HAL_ADC_MspInit                                   build/stm32f4xx_hal_adc.o
HAL_ADC_PollForConversion                         build/stm32f4xx_hal_adc.o
HAL_ADC_PollForEvent                              build/stm32f4xx_hal_adc.o
HAL_ADC_Start                                     build/stm32f4xx_hal_adc.o
HAL_ADC_Start_DMA                                 build/stm32f4xx_hal_adc.o
HAL_ADC_Start_IT                                  build/stm32f4xx_hal_adc.o
HAL_ADC_Stop                                      build/stm32f4xx_hal_adc.o
HAL_ADC_Stop_DMA                                  build/stm32f4xx_hal_adc.o
HAL_ADC_Stop_IT                                   build/stm32f4xx_hal_adc.o
HAL_CAN_AbortTxRequest                            build/stm32f4xx_hal_can.o
HAL_CAN_ActivateNotification                      build/stm32f4xx_hal_can.o
HAL_CAN_AddTxMessage                              build/stm32f4xx_hal_can.o
HAL_CAN_ConfigFilter                              build/stm32f4xx_hal_can.o
HAL_CAN_DeInit                                    build/stm32f4xx_hal_can.o
HAL_CAN_DeactivateNotification                    build/stm32f4xx_hal_can.o
HAL_CAN_ErrorCallback                             build/stm32f4xx_hal_can.o
HAL_CAN_GetError                                  build/stm32f4xx_hal_can.o
HAL_CAN_GetRxFifoFillLevel                        build/stm32f4xx_hal_can.o
HAL_CAN_GetRxMessage                              build/stm32f4xx_hal_can.o
HAL_CAN_GetState                                  build/stm32f4xx_hal_can.o
HAL_CAN_GetTxMailboxesFreeLevel                   build/stm32f4xx_hal_can.o
HAL_CAN_GetTxTimestamp                            build/stm32f4xx_hal_can.o
HAL_CAN_IRQHandler                                build/stm32f4xx_hal_can.o
HAL_CAN_Init                                      build/stm32f4xx_hal_can.o
HAL_CAN_IsSleepActive                             build/stm32f4xx_hal_can.o
HAL_CAN_IsTxMessagePending                        build/stm32f4xx_hal_can.o
HAL_CAN_MspDeInit                                 build/stm32f4xx_hal_can.o
HAL_CAN_MspInit                                   build/stm32f4xx_hal_can.o
HAL_CAN_RequestSleep                              build/stm32f4xx_hal_can.o
HAL_CAN_ResetError                                build/stm32f4xx_hal_can.o
HAL_CAN_RxFifo0FullCallback                       build/stm32f4xx_hal_can.o
HAL_CAN_RxFifo0MsgPendingCallback                 build/stm32f4xx_hal_can.o
HAL_CAN_RxFifo1FullCallback                       build/stm32f4xx_hal_can.o
HAL_CAN_RxFifo1MsgPendingCallback                 build/stm32f4xx_hal_can.o
HAL_CAN_SleepCallback                             build/stm32f4xx_hal_can.o
HAL_CAN_Start                                     build/stm32f4xx_hal_can.o
HAL_CAN_Stop                                      build/stm32f4xx_hal_can.o
HAL_CAN_TxMailbox0AbortCallback                   build/stm32f4xx_hal_can.o
HAL_CAN_TxMailbox0CompleteCallback                build/stm32f4xx_hal_can.o
HAL_CAN_TxMailbox1AbortCallback                   build/stm32f4xx_hal_can.o
HAL_CAN_TxMailbox1CompleteCallback                build/stm32f4xx_hal_can.o
HAL_CAN_TxMailbox2AbortCallback                   build/stm32f4xx_hal_can.o
HAL_CAN_TxMailbox2CompleteCallback                build/stm32f4xx_hal_can.o
HAL_CAN_WakeUp                                    build/stm32f4xx_hal_can.o
HAL_CAN_WakeUpFromRxMsgCallback                   build/stm32f4xx_hal_can.o
HAL_CORTEX_ClearEvent                             build/stm32f4xx_hal_cortex.o
HAL_CRC_Accumulate                                build/stm32f4xx_hal_crc.o
HAL_CRC_Calculate                                 build/stm32f4xx_hal_crc.o
HAL_CRC_DeInit                                    build/stm32f4xx_hal_crc.o
HAL_CRC_GetState                                  build/stm32f4xx_hal_crc.o
HAL_CRC_Init                                      build/stm32f4xx_hal_crc.o
HAL_CRC_MspDeInit                                 build/stm32f4xx_hal_crc.o
HAL_CRC_MspInit                                   build/stm32f4xx_hal_crc.o
HAL_DACEx_ConvCpltCallbackCh2                     build/stm32f4xx_hal_dac_ex.o
HAL_DACEx_ConvHalfCpltCallbackCh2                 build/stm32f4xx_hal_dac_ex.o
HAL_DACEx_DMAUnderrunCallbackCh2                  build/stm32f4xx_hal_dac_ex.o
                                                  build/stm32f4xx_hal_dac.o
HAL_DACEx_DualGetValue                            build/stm32f4xx_hal_dac_ex.o
HAL_DACEx_DualSetValue                            build/stm32f4xx_hal_dac_ex.o
HAL_DACEx_DualStart                               build/stm32f4xx_hal_dac_ex.o
HAL_DACEx_DualStop                                build/stm32f4xx_hal_dac_ex.o
HAL_DACEx_ErrorCallbackCh2                        build/stm32f4xx_hal_dac_ex.o
HAL_DACEx_NoiseWaveGenerate                       build/stm32f4xx_hal_dac_ex.o
HAL_DACEx_TriangleWaveGenerate                    build/stm32f4xx_hal_dac_ex.o
HAL_DAC_ConfigChannel                             build/stm32f4xx_hal_dac.o
HAL_DAC_ConvCpltCallbackCh1                       build/stm32f4xx_hal_dac.o
HAL_DAC_ConvHalfCpltCallbackCh1                   build/stm32f4xx_hal_dac.o
HAL_DAC_DMAUnderrunCallbackCh1                    build/stm32f4xx_hal_dac.o
HAL_DAC_DeInit                                    build/stm32f4xx_hal_dac.o
HAL_DAC_ErrorCallbackCh1                          build/stm32f4xx_hal_dac.o
HAL_DAC_GetError                                  build/stm32f4xx_hal_dac.o
HAL_DAC_GetState                                  build/stm32f4xx_hal_dac.o
HAL_DAC_GetValue                                  build/stm32f4xx_hal_dac.o
HAL_DAC_IRQHandler                                build/stm32f4xx_hal_dac.o
HAL_DAC_Init                                      build/stm32f4xx_hal_dac.o
HAL_DAC_MspDeInit                                 build/stm32f4xx_hal_dac.o
HAL_DAC_MspInit                                   build/stm32f4xx_hal_dac.o
HAL_DAC_SetValue                                  build/stm32f4xx_hal_dac.o
HAL_DAC_Start                                     build/stm32f4xx_hal_dac.o
HAL_DAC_Start_DMA                                 build/stm32f4xx_hal_dac.o
HAL_DAC_Stop                                      build/stm32f4xx_hal_dac.o
HAL_DAC_Stop_DMA                                  build/stm32f4xx_hal_dac.o
HAL_DBGMCU_DisableDBGSleepMode                    build/stm32f4xx_hal.o
HAL_DBGMCU_DisableDBGStandbyMode                  build/stm32f4xx_hal.o
HAL_DBGMCU_DisableDBGStopMode                     build/stm32f4xx_hal.o
HAL_DBGMCU_EnableDBGSleepMode                     build/stm32f4xx_hal.o
HAL_DBGMCU_EnableDBGStandbyMode                   build/stm32f4xx_hal.o
HAL_DBGMCU_EnableDBGStopMode                      build/stm32f4xx_hal.o
HAL_DCMI_ConfigCrop                               build/stm32f4xx_hal_dcmi.o
HAL_DCMI_ConfigSyncUnmask                         build/stm32f4xx_hal_dcmi.o
HAL_DCMI_DeInit                                   build/stm32f4xx_hal_dcmi.o
HAL_DCMI_DisableCrop                              build/stm32f4xx_hal_dcmi.o
HAL_DCMI_EnableCrop                               build/stm32f4xx_hal_dcmi.o
HAL_DCMI_ErrorCallback                            build/stm32f4xx_hal_dcmi.o
HAL_DCMI_FrameEventCallback                       build/stm32f4xx_hal_dcmi.o
HAL_DCMI_GetError                                 build/stm32f4xx_hal_dcmi.o
HAL_DCMI_GetState                                 build/stm32f4xx_hal_dcmi.o
HAL_DCMI_IRQHandler                               build/stm32f4xx_hal_dcmi.o
HAL_DCMI_Init                                     build/stm32f4xx_hal_dcmi_ex.o
                                                  build/stm32f4xx_hal_dcmi.o
HAL_DCMI_LineEventCallback                        build/stm32f4xx_hal_dcmi.o
HAL_DCMI_MspDeInit                                build/stm32f4xx_hal_dcmi.o
HAL_DCMI_MspInit                                  build/stm32f4xx_hal_dcmi.o
                                                  build/stm32f4xx_hal_dcmi_ex.o
HAL_DCMI_Resume                                   build/stm32f4xx_hal_dcmi.o
HAL_DCMI_Start_DMA                                build/stm32f4xx_hal_dcmi.o
HAL_DCMI_Stop                                     build/stm32f4xx_hal_dcmi.o
HAL_DCMI_Suspend                                  build/stm32f4xx_hal_dcmi.o
HAL_DCMI_VsyncEventCallback                       build/stm32f4xx_hal_dcmi.o
HAL_DMAEx_ChangeMemory                            build/stm32f4xx_hal_dma_ex.o
                                                  build/stm32f4xx_hal_dcmi.o
HAL_DMAEx_MultiBufferStart                        build/stm32f4xx_hal_dma_ex.o
HAL_DMAEx_MultiBufferStart_IT                     build/stm32f4xx_hal_dma_ex.o
                                                  build/stm32f4xx_hal_dcmi.o
HAL_DMA_Abort                                     build/stm32f4xx_hal_dma.o
                                                  build/stm32f4xx_hal_usart.o
                                                  build/stm32f4xx_hal_uart.o
                                                  build/stm32f4xx_hal_spi.o
                                                  build/stm32f4xx_hal_smartcard.o
                                                  build/stm32f4xx_hal_sd.o
                                                  build/stm32f4xx_hal_mmc.o
                                                  build/stm32f4xx_hal_irda.o
                                                  build/stm32f4xx_hal_i2s.o
                                                  build/stm32f4xx_hal_dcmi.o
                                                  build/stm32f4xx_hal_dac.o
                                                  build/stm32f4xx_hal_adc_ex.o
                                                  build/stm32f4xx_hal_adc.o
HAL_DMA_Abort_IT                                  build/stm32f4xx_hal_dma.o
                                                  build/stm32f4xx_hal_usart.o
                                                  build/stm32f4xx_hal_uart.o
                                                  build/stm32f4xx_hal_tim_ex.o
                                                  build/stm32f4xx_hal_tim.o
                                                  build/stm32f4xx_hal_spi.o
                                                  build/stm32f4xx_hal_smartcard.o
                                                  build/stm32f4xx_hal_sd.o
                                                  build/stm32f4xx_hal_mmc.o
                                                  build/stm32f4xx_hal_irda.o
                                                  build/stm32f4xx_hal_i2c.o
                                                  build/stm32f4xx_hal_dcmi.o
HAL_DMA_DeInit                                    build/stm32f4xx_hal_dma.o
                                                  build/yaskawa.o
HAL_DMA_GetError                                  build/stm32f4xx_hal_dma.o
                                                  build/stm32f4xx_hal_uart.o
                                                  build/stm32f4xx_hal_sd.o
                                                  build/stm32f4xx_hal_mmc.o
                                                  build/stm32f4xx_hal_i2c.o
HAL_DMA_GetState                                  build/stm32f4xx_hal_dma.o
                                                  build/stm32f4xx_hal_i2c.o
HAL_DMA_IRQHandler                                build/stm32f4xx_hal_dma.o
HAL_DMA_Init                                      build/stm32f4xx_hal_dma.o
                                                  build/yaskawa.o
HAL_DMA_PollForTransfer                           build/stm32f4xx_hal_dma.o
                                                  build/yaskawa.o
HAL_DMA_RegisterCallback                          build/stm32f4xx_hal_dma.o
HAL_DMA_Start                                     build/stm32f4xx_hal_dma.o
                                                  build/yaskawa.o
HAL_DMA_Start_IT                                  build/stm32f4xx_hal_dma.o
                                                  build/stm32f4xx_hal_usart.o
                                                  build/stm32f4xx_hal_uart.o
                                                  build/stm32f4xx_hal_tim_ex.o
                                                  build/stm32f4xx_hal_tim.o
                                                  build/stm32f4xx_hal_sram.o
                                                  build/stm32f4xx_hal_spi.o
                                                  build/stm32f4xx_hal_smartcard.o
                                                  build/stm32f4xx_hal_sd.o
                                                  build/stm32f4xx_hal_mmc.o
                                                  build/stm32f4xx_hal_irda.o
                                                  build/stm32f4xx_hal_i2s_ex.o
                                                  build/stm32f4xx_hal_i2s.o
                                                  build/stm32f4xx_hal_i2c.o
                                                  build/stm32f4xx_hal_dcmi.o
                                                  build/stm32f4xx_hal_dac.o
                                                  build/stm32f4xx_hal_adc_ex.o
                                                  build/stm32f4xx_hal_adc.o
HAL_DMA_UnRegisterCallback                        build/stm32f4xx_hal_dma.o
HAL_DeInit                                        build/stm32f4xx_hal.o
HAL_Delay                                         build/stm32f4xx_hal.o
                                                  build/stm32f4xx_ll_usb.o
                                                  build/stm32f4xx_hal_sd.o
                                                  build/stm32f4xx_hal_mmc.o
                                                  build/stm32f4xx_hal_eth.o
                                                  build/yaskawa.o
                                                  build/main.o
HAL_DisableCompensationCell                       build/stm32f4xx_hal.o
HAL_ETH_DeInit                                    build/stm32f4xx_hal_eth.o
HAL_ETH_EnterPowerDownMode                        build/stm32f4xx_hal_eth.o
HAL_ETH_ErrorCallback                             build/stm32f4xx_hal_eth.o
HAL_ETH_ExitPowerDownMode                         build/stm32f4xx_hal_eth.o
HAL_ETH_GetDMAConfig                              build/stm32f4xx_hal_eth.o
HAL_ETH_GetDMAError                               build/stm32f4xx_hal_eth.o
HAL_ETH_GetError                                  build/stm32f4xx_hal_eth.o
HAL_ETH_GetMACConfig                              build/stm32f4xx_hal_eth.o
HAL_ETH_GetMACError                               build/stm32f4xx_hal_eth.o
HAL_ETH_GetMACFilterConfig                        build/stm32f4xx_hal_eth.o
HAL_ETH_GetMACWakeUpSource                        build/stm32f4xx_hal_eth.o
HAL_ETH_GetRxDataErrorCode                        build/stm32f4xx_hal_eth.o
HAL_ETH_GetState                                  build/stm32f4xx_hal_eth.o
HAL_ETH_GetTxBuffersNumber                        build/stm32f4xx_hal_eth.o
HAL_ETH_IRQHandler                                build/stm32f4xx_hal_eth.o
HAL_ETH_Init                                      build/stm32f4xx_hal_eth.o
HAL_ETH_MspDeInit                                 build/stm32f4xx_hal_eth.o
HAL_ETH_MspInit                                   build/stm32f4xx_hal_eth.o
HAL_ETH_PMTCallback                               build/stm32f4xx_hal_eth.o
HAL_ETH_ReadData                                  build/stm32f4xx_hal_eth.o
HAL_ETH_ReadPHYRegister                           build/stm32f4xx_hal_eth.o
HAL_ETH_RegisterRxAllocateCallback                build/stm32f4xx_hal_eth.o
HAL_ETH_RegisterRxLinkCallback                    build/stm32f4xx_hal_eth.o
HAL_ETH_RegisterTxFreeCallback                    build/stm32f4xx_hal_eth.o
HAL_ETH_ReleaseTxPacket                           build/stm32f4xx_hal_eth.o
HAL_ETH_RxAllocateCallback                        build/stm32f4xx_hal_eth.o
HAL_ETH_RxCpltCallback                            build/stm32f4xx_hal_eth.o
HAL_ETH_RxLinkCallback                            build/stm32f4xx_hal_eth.o
HAL_ETH_SetDMAConfig                              build/stm32f4xx_hal_eth.o
HAL_ETH_SetHashTable                              build/stm32f4xx_hal_eth.o
HAL_ETH_SetMACConfig                              build/stm32f4xx_hal_eth.o
HAL_ETH_SetMACFilterConfig                        build/stm32f4xx_hal_eth.o
HAL_ETH_SetMDIOClockRange                         build/stm32f4xx_hal_eth.o
HAL_ETH_SetRxVLANIdentifier                       build/stm32f4xx_hal_eth.o
HAL_ETH_SetSourceMACAddrMatch                     build/stm32f4xx_hal_eth.o
HAL_ETH_SetWakeUpFilter                           build/stm32f4xx_hal_eth.o
HAL_ETH_Start                                     build/stm32f4xx_hal_eth.o
HAL_ETH_Start_IT                                  build/stm32f4xx_hal_eth.o
HAL_ETH_Stop                                      build/stm32f4xx_hal_eth.o
HAL_ETH_Stop_IT                                   build/stm32f4xx_hal_eth.o
HAL_ETH_Transmit                                  build/stm32f4xx_hal_eth.o
HAL_ETH_Transmit_IT                               build/stm32f4xx_hal_eth.o
HAL_ETH_TxCpltCallback                            build/stm32f4xx_hal_eth.o
HAL_ETH_TxFreeCallback                            build/stm32f4xx_hal_eth.o
HAL_ETH_UnRegisterRxAllocateCallback              build/stm32f4xx_hal_eth.o
HAL_ETH_UnRegisterRxLinkCallback                  build/stm32f4xx_hal_eth.o
HAL_ETH_UnRegisterTxFreeCallback                  build/stm32f4xx_hal_eth.o
HAL_ETH_WakeUpCallback                            build/stm32f4xx_hal_eth.o
HAL_ETH_WritePHYRegister                          build/stm32f4xx_hal_eth.o
HAL_EXTI_ClearConfigLine                          build/stm32f4xx_hal_exti.o
HAL_EXTI_ClearPending                             build/stm32f4xx_hal_exti.o
HAL_EXTI_GenerateSWI                              build/stm32f4xx_hal_exti.o
HAL_EXTI_GetConfigLine                            build/stm32f4xx_hal_exti.o
HAL_EXTI_GetHandle                                build/stm32f4xx_hal_exti.o
HAL_EXTI_GetPending                               build/stm32f4xx_hal_exti.o
HAL_EXTI_IRQHandler                               build/stm32f4xx_hal_exti.o
HAL_EXTI_RegisterCallback                         build/stm32f4xx_hal_exti.o
HAL_EXTI_SetConfigLine                            build/stm32f4xx_hal_exti.o
HAL_EnableCompensationCell                        build/stm32f4xx_hal.o
HAL_FLASHEx_Erase                                 build/stm32f4xx_hal_flash_ex.o
HAL_FLASHEx_Erase_IT                              build/stm32f4xx_hal_flash_ex.o
HAL_FLASHEx_OBGetConfig                           build/stm32f4xx_hal_flash_ex.o
HAL_FLASHEx_OBProgram                             build/stm32f4xx_hal_flash_ex.o
HAL_FLASH_EndOfOperationCallback                  build/stm32f4xx_hal_flash.o
HAL_FLASH_GetError                                build/stm32f4xx_hal_flash.o
HAL_FLASH_IRQHandler                              build/stm32f4xx_hal_flash.o
HAL_FLASH_Lock                                    build/stm32f4xx_hal_flash.o
HAL_FLASH_OB_Launch                               build/stm32f4xx_hal_flash.o
HAL_FLASH_OB_Lock                                 build/stm32f4xx_hal_flash.o
HAL_FLASH_OB_Unlock                               build/stm32f4xx_hal_flash.o
HAL_FLASH_OperationErrorCallback                  build/stm32f4xx_hal_flash.o
HAL_FLASH_Program                                 build/stm32f4xx_hal_flash.o
HAL_FLASH_Program_IT                              build/stm32f4xx_hal_flash.o
HAL_FLASH_Unlock                                  build/stm32f4xx_hal_flash.o
HAL_GPIO_DeInit                                   build/stm32f4xx_hal_gpio.o
HAL_GPIO_EXTI_Callback                            build/stm32f4xx_hal_gpio.o
HAL_GPIO_EXTI_IRQHandler                          build/stm32f4xx_hal_gpio.o
HAL_GPIO_Init                                     build/stm32f4xx_hal_gpio.o
                                                  build/stm32f4xx_hal_rcc.o
                                                  build/yaskawa.o
                                                  build/main.o
HAL_GPIO_LockPin                                  build/stm32f4xx_hal_gpio.o
HAL_GPIO_ReadPin                                  build/stm32f4xx_hal_gpio.o
HAL_GPIO_TogglePin                                build/stm32f4xx_hal_gpio.o
                                                  build/main.o
HAL_GPIO_WritePin                                 build/stm32f4xx_hal_gpio.o
                                                  build/yaskawa.o
                                                  build/main.o
HAL_GetDEVID                                      build/stm32f4xx_hal.o
HAL_GetHalVersion                                 build/stm32f4xx_hal.o
HAL_GetREVID                                      build/stm32f4xx_hal.o
                                                  build/main.o
HAL_GetTick                                       build/stm32f4xx_hal.o
                                                  build/stm32f4xx_ll_fsmc.o
                                                  build/stm32f4xx_hal_usart.o
                                                  build/stm32f4xx_hal_uart.o
                                                  build/stm32f4xx_hal_spi.o
                                                  build/stm32f4xx_hal_smbus.o
                                                  build/stm32f4xx_hal_smartcard.o
                                                  build/stm32f4xx_hal_sd.o
                                                  build/stm32f4xx_hal_rtc_ex.o
                                                  build/stm32f4xx_hal_rtc.o
                                                  build/stm32f4xx_hal_rng.o
                                                  build/stm32f4xx_hal_rcc_ex.o
                                                  build/stm32f4xx_hal_rcc.o
                                                  build/stm32f4xx_hal_pwr_ex.o
                                                  build/stm32f4xx_hal_nor.o
                                                  build/stm32f4xx_hal_nand.o
                                                  build/stm32f4xx_hal_mmc.o
                                                  build/stm32f4xx_hal_iwdg.o
                                                  build/stm32f4xx_hal_irda.o
                                                  build/stm32f4xx_hal_i2s_ex.o
                                                  build/stm32f4xx_hal_i2s.o
                                                  build/stm32f4xx_hal_i2c.o
                                                  build/stm32f4xx_hal_flash.o
                                                  build/stm32f4xx_hal_eth.o
                                                  build/stm32f4xx_hal_dma.o
                                                  build/stm32f4xx_hal_can.o
                                                  build/stm32f4xx_hal_adc_ex.o
                                                  build/stm32f4xx_hal_adc.o
HAL_GetTickFreq                                   build/stm32f4xx_hal.o
HAL_GetTickPrio                                   build/stm32f4xx_hal.o
HAL_GetUIDw0                                      build/stm32f4xx_hal.o
HAL_GetUIDw1                                      build/stm32f4xx_hal.o
HAL_GetUIDw2                                      build/stm32f4xx_hal.o
HAL_HCD_Connect_Callback                          build/stm32f4xx_hal_hcd.o
HAL_HCD_DeInit                                    build/stm32f4xx_hal_hcd.o
HAL_HCD_Disconnect_Callback                       build/stm32f4xx_hal_hcd.o
HAL_HCD_GetCurrentFrame                           build/stm32f4xx_hal_hcd.o
HAL_HCD_GetCurrentSpeed                           build/stm32f4xx_hal_hcd.o
HAL_HCD_GetState                                  build/stm32f4xx_hal_hcd.o
HAL_HCD_HC_ClearHubInfo                           build/stm32f4xx_hal_hcd.o
HAL_HCD_HC_GetState                               build/stm32f4xx_hal_hcd.o
HAL_HCD_HC_GetURBState                            build/stm32f4xx_hal_hcd.o
HAL_HCD_HC_GetXferCount                           build/stm32f4xx_hal_hcd.o
HAL_HCD_HC_Halt                                   build/stm32f4xx_hal_hcd.o
HAL_HCD_HC_Init                                   build/stm32f4xx_hal_hcd.o
HAL_HCD_HC_NotifyURBChange_Callback               build/stm32f4xx_hal_hcd.o
HAL_HCD_HC_SetHubInfo                             build/stm32f4xx_hal_hcd.o
HAL_HCD_HC_SubmitRequest                          build/stm32f4xx_hal_hcd.o
HAL_HCD_IRQHandler                                build/stm32f4xx_hal_hcd.o
HAL_HCD_Init                                      build/stm32f4xx_hal_hcd.o
HAL_HCD_MspDeInit                                 build/stm32f4xx_hal_hcd.o
HAL_HCD_MspInit                                   build/stm32f4xx_hal_hcd.o
HAL_HCD_PortDisabled_Callback                     build/stm32f4xx_hal_hcd.o
HAL_HCD_PortEnabled_Callback                      build/stm32f4xx_hal_hcd.o
HAL_HCD_ResetPort                                 build/stm32f4xx_hal_hcd.o
HAL_HCD_SOF_Callback                              build/stm32f4xx_hal_hcd.o
HAL_HCD_Start                                     build/stm32f4xx_hal_hcd.o
HAL_HCD_Stop                                      build/stm32f4xx_hal_hcd.o
HAL_HCD_WKUP_IRQHandler                           build/stm32f4xx_hal_hcd.o
HAL_HalfDuplex_EnableReceiver                     build/stm32f4xx_hal_uart.o
HAL_HalfDuplex_EnableTransmitter                  build/stm32f4xx_hal_uart.o
HAL_HalfDuplex_Init                               build/stm32f4xx_hal_uart.o
HAL_I2C_AbortCpltCallback                         build/stm32f4xx_hal_i2c.o
HAL_I2C_AddrCallback                              build/stm32f4xx_hal_i2c.o
HAL_I2C_DeInit                                    build/stm32f4xx_hal_i2c.o
HAL_I2C_DisableListen_IT                          build/stm32f4xx_hal_i2c.o
HAL_I2C_ER_IRQHandler                             build/stm32f4xx_hal_i2c.o
HAL_I2C_EV_IRQHandler                             build/stm32f4xx_hal_i2c.o
HAL_I2C_EnableListen_IT                           build/stm32f4xx_hal_i2c.o
HAL_I2C_ErrorCallback                             build/stm32f4xx_hal_i2c.o
HAL_I2C_GetError                                  build/stm32f4xx_hal_i2c.o
HAL_I2C_GetMode                                   build/stm32f4xx_hal_i2c.o
HAL_I2C_GetState                                  build/stm32f4xx_hal_i2c.o
HAL_I2C_Init                                      build/stm32f4xx_hal_i2c.o
HAL_I2C_IsDeviceReady                             build/stm32f4xx_hal_i2c.o
HAL_I2C_ListenCpltCallback                        build/stm32f4xx_hal_i2c.o
HAL_I2C_MasterRxCpltCallback                      build/stm32f4xx_hal_i2c.o
HAL_I2C_MasterTxCpltCallback                      build/stm32f4xx_hal_i2c.o
HAL_I2C_Master_Abort_IT                           build/stm32f4xx_hal_i2c.o
HAL_I2C_Master_Receive                            build/stm32f4xx_hal_i2c.o
HAL_I2C_Master_Receive_DMA                        build/stm32f4xx_hal_i2c.o
HAL_I2C_Master_Receive_IT                         build/stm32f4xx_hal_i2c.o
HAL_I2C_Master_Seq_Receive_DMA                    build/stm32f4xx_hal_i2c.o
HAL_I2C_Master_Seq_Receive_IT                     build/stm32f4xx_hal_i2c.o
HAL_I2C_Master_Seq_Transmit_DMA                   build/stm32f4xx_hal_i2c.o
HAL_I2C_Master_Seq_Transmit_IT                    build/stm32f4xx_hal_i2c.o
HAL_I2C_Master_Transmit                           build/stm32f4xx_hal_i2c.o
HAL_I2C_Master_Transmit_DMA                       build/stm32f4xx_hal_i2c.o
HAL_I2C_Master_Transmit_IT                        build/stm32f4xx_hal_i2c.o
HAL_I2C_MemRxCpltCallback                         build/stm32f4xx_hal_i2c.o
HAL_I2C_MemTxCpltCallback                         build/stm32f4xx_hal_i2c.o
HAL_I2C_Mem_Read                                  build/stm32f4xx_hal_i2c.o
HAL_I2C_Mem_Read_DMA                              build/stm32f4xx_hal_i2c.o
HAL_I2C_Mem_Read_IT                               build/stm32f4xx_hal_i2c.o
HAL_I2C_Mem_Write                                 build/stm32f4xx_hal_i2c.o
HAL_I2C_Mem_Write_DMA                             build/stm32f4xx_hal_i2c.o
HAL_I2C_Mem_Write_IT                              build/stm32f4xx_hal_i2c.o
HAL_I2C_MspDeInit                                 build/stm32f4xx_hal_i2c.o
HAL_I2C_MspInit                                   build/stm32f4xx_hal_i2c.o
HAL_I2C_SlaveRxCpltCallback                       build/stm32f4xx_hal_i2c.o
HAL_I2C_SlaveTxCpltCallback                       build/stm32f4xx_hal_i2c.o
HAL_I2C_Slave_Receive                             build/stm32f4xx_hal_i2c.o
HAL_I2C_Slave_Receive_DMA                         build/stm32f4xx_hal_i2c.o
HAL_I2C_Slave_Receive_IT                          build/stm32f4xx_hal_i2c.o